Archive member included to satisfy reference by file (symbol)

.pio/build/disco_b_g431b_esc1/libFrameworkArduino.a(HardwareSerial.cpp.o)
                              .pio/build/disco_b_g431b_esc1/src/main.cpp.o (Serial2)
.pio/build/disco_b_g431b_esc1/libFrameworkArduino.a(Print.cpp.o)
                              .pio/build/disco_b_g431b_esc1/lib0bb/Simple FOC/communication/Commander.cpp.o (Print::print(__FlashStringHelper const*))
.pio/build/disco_b_g431b_esc1/libFrameworkArduino.a(Stream.cpp.o)
                              .pio/build/disco_b_g431b_esc1/lib416/Wire/Wire.cpp.o (Stream::readBytes(char*, unsigned int))
.pio/build/disco_b_g431b_esc1/libFrameworkArduino.a(WInterrupts.cpp.o)
                              .pio/build/disco_b_g431b_esc1/lib0bb/Simple FOC/communication/StepDirListener.cpp.o (attachInterrupt(unsigned long, std::function<void ()>, unsigned long))
.pio/build/disco_b_g431b_esc1/libFrameworkArduino.a(WString.cpp.o)
                              .pio/build/disco_b_g431b_esc1/libFrameworkArduino.a(Stream.cpp.o) (String::String(char const*))
.pio/build/disco_b_g431b_esc1/libFrameworkArduino.a(dtostrf.c.o)
                              .pio/build/disco_b_g431b_esc1/libFrameworkArduino.a(WString.cpp.o) (dtostrf)
.pio/build/disco_b_g431b_esc1/libFrameworkArduino.a(itoa.c.o)
                              .pio/build/disco_b_g431b_esc1/libFrameworkArduino.a(WString.cpp.o) (ltoa)
.pio/build/disco_b_g431b_esc1/libFrameworkArduino.a(main.cpp.o)
                              /home/gabriel/.platformio/packages/toolchain-gccarmnoneeabi/bin/../lib/gcc/arm-none-eabi/12.3.1/../../../../arm-none-eabi/lib/thumb/v7e-m+fp/hard/crt0.o (main)
.pio/build/disco_b_g431b_esc1/libFrameworkArduino.a(pins_arduino.c.o)
                              .pio/build/disco_b_g431b_esc1/lib416/Wire/Wire.cpp.o (pinNametoDigitalPin)
.pio/build/disco_b_g431b_esc1/libFrameworkArduino.a(startup_stm32yyxx.S.o)
                              (Reset_Handler)
.pio/build/disco_b_g431b_esc1/libFrameworkArduino.a(wiring_analog.c.o)
                              .pio/build/disco_b_g431b_esc1/lib0bb/Simple FOC/current_sense/hardware_specific/generic_mcu.cpp.o (analogRead)
.pio/build/disco_b_g431b_esc1/libFrameworkArduino.a(wiring_digital.c.o)
                              .pio/build/disco_b_g431b_esc1/lib416/Wire/Wire.cpp.o (pinMode)
.pio/build/disco_b_g431b_esc1/libFrameworkArduino.a(wiring_pulse.cpp.o)
                              .pio/build/disco_b_g431b_esc1/lib0bb/Simple FOC/sensors/MagneticSensorPWM.cpp.o (pulseIn(unsigned long, unsigned long, unsigned long))
.pio/build/disco_b_g431b_esc1/libFrameworkArduino.a(wiring_time.c.o)
                              .pio/build/disco_b_g431b_esc1/libFrameworkArduino.a(Stream.cpp.o) (millis)
.pio/build/disco_b_g431b_esc1/libFrameworkArduino.a(WSerial.cpp.o)
                              .pio/build/disco_b_g431b_esc1/libFrameworkArduino.a(main.cpp.o) (serialEventRun())
.pio/build/disco_b_g431b_esc1/libFrameworkArduino.a(board.c.o)
                              .pio/build/disco_b_g431b_esc1/libFrameworkArduino.a(main.cpp.o) (init)
.pio/build/disco_b_g431b_esc1/libFrameworkArduino.a(hooks.c.o)
                              .pio/build/disco_b_g431b_esc1/libFrameworkArduino.a(wiring_time.c.o) (yield)
/home/gabriel/.platformio/packages/toolchain-gccarmnoneeabi/bin/../lib/gcc/arm-none-eabi/12.3.1/thumb/v7e-m+fp/hard/libgcc.a(_arm_muldf3.o)
                              .pio/build/disco_b_g431b_esc1/SrcWrapper/src/HardwareTimer.cpp.o (__aeabi_dmul)
/home/gabriel/.platformio/packages/toolchain-gccarmnoneeabi/bin/../lib/gcc/arm-none-eabi/12.3.1/thumb/v7e-m+fp/hard/libgcc.a(_arm_addsubdf3.o)
                              .pio/build/disco_b_g431b_esc1/libFrameworkArduino.a(Print.cpp.o) (__aeabi_dsub)
/home/gabriel/.platformio/packages/toolchain-gccarmnoneeabi/bin/../lib/gcc/arm-none-eabi/12.3.1/thumb/v7e-m+fp/hard/libgcc.a(_arm_muldivdf3.o)
                              .pio/build/disco_b_g431b_esc1/SrcWrapper/src/HardwareTimer.cpp.o (__aeabi_ddiv)
/home/gabriel/.platformio/packages/toolchain-gccarmnoneeabi/bin/../lib/gcc/arm-none-eabi/12.3.1/thumb/v7e-m+fp/hard/libgcc.a(_arm_cmpdf2.o)
                              .pio/build/disco_b_g431b_esc1/libFrameworkArduino.a(Print.cpp.o) (__aeabi_dcmplt)
/home/gabriel/.platformio/packages/toolchain-gccarmnoneeabi/bin/../lib/gcc/arm-none-eabi/12.3.1/thumb/v7e-m+fp/hard/libgcc.a(_arm_unorddf2.o)
                              .pio/build/disco_b_g431b_esc1/libFrameworkArduino.a(Print.cpp.o) (__aeabi_dcmpun)
/home/gabriel/.platformio/packages/toolchain-gccarmnoneeabi/bin/../lib/gcc/arm-none-eabi/12.3.1/thumb/v7e-m+fp/hard/libgcc.a(_arm_fixdfsi.o)
                              .pio/build/disco_b_g431b_esc1/lib0bb/Simple FOC/sensors/Encoder.cpp.o (__aeabi_d2iz)
/home/gabriel/.platformio/packages/toolchain-gccarmnoneeabi/bin/../lib/gcc/arm-none-eabi/12.3.1/thumb/v7e-m+fp/hard/libgcc.a(_arm_fixunsdfsi.o)
[...]
Memory Configuration

Name             Origin             Length             Attributes
*default*        0x00000000         0xffffffff
RAM              0x20000000         0x00008000         xrw
FLASH            0x08000000         0x00020000         xr

Linker script and memory map

                0x20008000                        _estack = (ORIGIN (RAM) + LENGTH (RAM))
                0x00000200                        _Min_Heap_Size = 0x200
                0x00000400                        _Min_Stack_Size = 0x400

.isr_vector     0x08000000      0x1d8
                0x08000000                        . = ALIGN (0x4)
 *(.isr_vector)
 .isr_vector    0x08000000      0x1d8 .pio/build/disco_b_g431b_esc1/libFrameworkArduino.a(startup_stm32yyxx.S.o)
                0x08000000                g_pfnVectors
                0x080001d8                        . = ALIGN (0x4)

.text           0x080001e0     0xf648
                0x080001e0                        . = ALIGN (0x4)
 *(.text)
 .text          0x080001e0      0x378 /home/gabriel/.platformio/packages/toolchain-gccarmnoneeabi/bin/../lib/gcc/arm-none-eabi/12.3.1/thumb/v7e-m+fp/hard/libgcc.a(_arm_addsubdf3.o)
                0x080001e0                __aeabi_drsub
                0x080001e8                __aeabi_dsub
                0x080001e8                __subdf3
                0x080001ec                __adddf3
                0x080001ec                __aeabi_dadd
                0x08000464                __aeabi_ui2d
                0x08000464                __floatunsidf
                0x08000484                __floatsidf
                0x08000484                __aeabi_i2d
                0x080004a8                __extendsfdf2
                0x080004a8                __aeabi_f2d
                0x080004ec                __aeabi_ul2d
                0x080004ec                __floatundidf
                0x080004fc                __floatdidf
                0x080004fc                __aeabi_l2d
 .text          0x08000558      0x424 /home/gabriel/.platformio/packages/toolchain-gccarmnoneeabi/bin/../lib/gcc/arm-none-eabi/12.3.1/thumb/v7e-m+fp/hard/libgcc.a(_arm_muldivdf3.o)
                0x08000558                __aeabi_dmul
                0x08000558                __muldf3
                0x080007ac                __aeabi_ddiv
                0x080007ac                __divdf3
 .text          0x0800097c      0x110 /home/gabriel/.platformio/packages/toolchain-gccarmnoneeabi/bin/../lib/gcc/arm-none-eabi/12.3.1/thumb/v7e-m+fp/hard/libgcc.a(_arm_cmpdf2.o)
                0x0800097c                __gtdf2
                0x0800097c                __gedf2
                0x08000984                __ltdf2
                0x08000984                __ledf2
                0x0800098c                __cmpdf2
                0x0800098c                __eqdf2
                0x0800098c                __nedf2
                0x08000a08                __aeabi_cdrcmple
                0x08000a18                __aeabi_cdcmple
                0x08000a18                __aeabi_cdcmpeq
                0x08000a28                __aeabi_dcmpeq
                0x08000a3c                __aeabi_dcmplt
                0x08000a50                __aeabi_dcmple
                0x08000a64                __aeabi_dcmpge
                0x08000a78                __aeabi_dcmpgt
 .text          0x08000a8c       0x40 /home/gabriel/.platformio/packages/toolchain-gccarmnoneeabi/bin/../lib/gcc/arm-none-eabi/12.3.1/thumb/v7e-m+fp/hard/libgcc.a(_arm_fixunsdfsi.o)
                0x08000a8c                __fixunsdfsi
                0x08000a8c                __aeabi_d2uiz
 .text          0x08000acc       0xa0 /home/gabriel/.platformio/packages/toolchain-gccarmnoneeabi/bin/../lib/gcc/arm-none-eabi/12.3.1/thumb/v7e-m+fp/hard/libgcc.a(_arm_truncdfsf2.o)
                0x08000acc                __aeabi_d2f
                0x08000acc                __truncdfsf2
 .text          0x08000b6c       0x30 /home/gabriel/.platformio/packages/toolchain-gccarmnoneeabi/bin/../lib/gcc/arm-none-eabi/12.3.1/thumb/v7e-m+fp/hard/libgcc.a(_aeabi_uldivmod.o)
                0x08000b6c                __aeabi_uldivmod
 .text          0x08000b9c        0x4 /home/gabriel/.platformio/packages/toolchain-gccarmnoneeabi/bin/../lib/gcc/arm-none-eabi/12.3.1/thumb/v7e-m+fp/hard/libgcc.a(_dvmd_tls.o)
                0x08000b9c                __aeabi_ldiv0
                0x08000b9c                __aeabi_idiv0
 .text          0x08000ba0       0x10 /home/gabriel/.platformio/packages/toolchain-gccarmnoneeabi/bin/../lib/gcc/arm-none-eabi/12.3.1/../../../../arm-none-eabi/lib/thumb/v7e-m+fp/hard/libc_nano.a(libc_a-strlen.o)
                0x08000ba0                strlen
 .text          0x08000bb0       0xa0 /home/gabriel/.platformio/packages/toolchain-gccarmnoneeabi/bin/../lib/gcc/arm-none-eabi/12.3.1/../../../../arm-none-eabi/lib/thumb/v7e-m+fp/hard/libc_nano.a(libc_a-memchr.o)
                0x08000bb0                memchr
 *(.text*)
 .text.__do_global_dtors_aux
                0x08000c50       0x24 /home/gabriel/.platformio/packages/toolchain-gccarmnoneeabi/bin/../lib/gcc/arm-none-eabi/12.3.1/thumb/v7e-m+fp/hard/crtbegin.o
 .text.frame_dummy
                0x08000c74       0x1c /home/gabriel/.platformio/packages/toolchain-gccarmnoneeabi/bin/../lib/gcc/arm-none-eabi/12.3.1/thumb/v7e-m+fp/hard/crtbegin.o
 .text.SystemClock_Config
                0x08000c90       0x72 .pio/build/disco_b_g431b_esc1/FrameworkArduinoVariant/variant_B_G431B_ESC1.cpp.o
                0x08000c90                SystemClock_Config
 .text.HAL_MspInit
                0x08000d02        0x2 .pio/build/disco_b_g431b_esc1/SrcWrapper/src/HAL/stm32yyxx_hal.c.o
                0x08000d02                HAL_MspInit
 .text.HAL_InitTick
                0x08000d04       0x4c .pio/build/disco_b_g431b_esc1/SrcWrapper/src/HAL/stm32yyxx_hal.c.o
                0x08000d04                HAL_InitTick
 .text.HAL_Init
                0x08000d50       0x1e .pio/build/disco_b_g431b_esc1/SrcWrapper/src/HAL/stm32yyxx_hal.c.o
                0x08000d50                HAL_Init
 *fill*         0x08000d6e        0x2 
 .text.HAL_IncTick
                0x08000d70       0x18 .pio/build/disco_b_g431b_esc1/SrcWrapper/src/HAL/stm32yyxx_hal.c.o
                0x08000d70                HAL_IncTick
 .text.HAL_GetTick
                0x08000d88        0xc .pio/build/disco_b_g431b_esc1/SrcWrapper/src/HAL/stm32yyxx_hal.c.o
                0x08000d88                HAL_GetTick
 .text.HAL_Delay
                0x08000d94       0x28 .pio/build/disco_b_g431b_esc1/SrcWrapper/src/HAL/stm32yyxx_hal.c.o
                0x08000d94                HAL_Delay
 .text.LL_ADC_SetChannelSamplingTime
                0x08000dbc       0x20 .pio/build/disco_b_g431b_esc1/SrcWrapper/src/HAL/stm32yyxx_hal_adc.c.o
 .text.LL_ADC_IsEnabled
                0x08000ddc        0x8 .pio/build/disco_b_g431b_esc1/SrcWrapper/src/HAL/stm32yyxx_hal_adc.c.o
 .text.LL_ADC_REG_IsConversionOngoing
                0x08000de4        0x8 .pio/build/disco_b_g431b_esc1/SrcWrapper/src/HAL/stm32yyxx_hal_adc.c.o
 .text.HAL_ADC_MspInit
                0x08000dec        0x2 .pio/build/disco_b_g431b_esc1/SrcWrapper/src/HAL/stm32yyxx_hal_adc.c.o
                0x08000dec                HAL_ADC_MspInit
 *fill*         0x08000dee        0x2 
 .text.HAL_ADC_Init
                0x08000df0      0x1f0 .pio/build/disco_b_g431b_esc1/SrcWrapper/src/HAL/stm32yyxx_hal_adc.c.o
                0x08000df0                HAL_ADC_Init
 .text.HAL_ADC_ConvCpltCallback
                0x08000fe0        0x2 .pio/build/disco_b_g431b_esc1/SrcWrapper/src/HAL/stm32yyxx_hal_adc.c.o
                0x08000fe0                HAL_ADC_ConvCpltCallback
 .text.HAL_ADC_ConvHalfCpltCallback
                0x08000fe2        0x2 .pio/build/disco_b_g431b_esc1/SrcWrapper/src/HAL/stm32yyxx_hal_adc.c.o
                0x08000fe2                HAL_ADC_ConvHalfCpltCallback
 .text.ADC_DMAHalfConvCplt
                0x08000fe4        0xa .pio/build/disco_b_g431b_esc1/SrcWrapper/src/HAL/stm32yyxx_hal_adc.c.o
                0x08000fe4                ADC_DMAHalfConvCplt
 .text.HAL_ADC_ErrorCallback
                0x08000fee        0x2 .pio/build/disco_b_g431b_esc1/SrcWrapper/src/HAL/stm32yyxx_hal_adc.c.o
                0x08000fee                HAL_ADC_ErrorCallback
 .text.ADC_DMAConvCplt
                0x08000ff0       0x68 .pio/build/disco_b_g431b_esc1/SrcWrapper/src/HAL/stm32yyxx_hal_adc.c.o
                0x08000ff0                ADC_DMAConvCplt
 .text.ADC_DMAError
                0x08001058       0x1a .pio/build/disco_b_g431b_esc1/SrcWrapper/src/HAL/stm32yyxx_hal_adc.c.o
                0x08001058                ADC_DMAError
 *fill*         0x08001072        0x2 
 .text.HAL_ADC_ConfigChannel
                0x08001074      0x370 .pio/build/disco_b_g431b_esc1/SrcWrapper/src/HAL/stm32yyxx_hal_adc.c.o
                0x08001074                HAL_ADC_ConfigChannel
 .text.ADC_Enable
                0x080013e4       0x78 .pio/build/disco_b_g431b_esc1/SrcWrapper/src/HAL/stm32yyxx_hal_adc.c.o
                0x080013e4                ADC_Enable
 .text.HAL_ADC_Start_DMA
                0x0800145c       0xe4 .pio/build/disco_b_g431b_esc1/SrcWrapper/src/HAL/stm32yyxx_hal_adc.c.o
                0x0800145c                HAL_ADC_Start_DMA
 .text.ADC_Disable
                0x08001540       0x70 .pio/build/disco_b_g431b_esc1/SrcWrapper/src/HAL/stm32yyxx_hal_adc.c.o
                0x08001540                ADC_Disable
 .text.LL_ADC_IsEnabled
                0x080015b0        0x8 .pio/build/disco_b_g431b_esc1/SrcWrapper/src/HAL/stm32yyxx_hal_adc_ex.c.o
 .text.LL_ADC_REG_IsConversionOngoing
                0x080015b8        0x8 .pio/build/disco_b_g431b_esc1/SrcWrapper/src/HAL/stm32yyxx_hal_adc_ex.c.o
 .text.HAL_ADCEx_Calibration_Start
                0x080015c0       0x98 .pio/build/disco_b_g431b_esc1/SrcWrapper/src/HAL/stm32yyxx_hal_adc_ex.c.o
                0x080015c0                HAL_ADCEx_Calibration_Start
 .text.HAL_ADCEx_MultiModeConfigChannel
                0x08001658       0xd0 .pio/build/disco_b_g431b_esc1/SrcWrapper/src/HAL/stm32yyxx_hal_adc_ex.c.o
                0x08001658                HAL_ADCEx_MultiModeConfigChannel
 .text.HAL_NVIC_SetPriorityGrouping
                0x08001728       0x24 .pio/build/disco_b_g431b_esc1/SrcWrapper/src/HAL/stm32yyxx_hal_cortex.c.o
                0x08001728                HAL_NVIC_SetPriorityGrouping
 .text.HAL_NVIC_SetPriority
                0x0800174c       0x64 .pio/build/disco_b_g431b_esc1/SrcWrapper/src/HAL/stm32yyxx_hal_cortex.c.o
                0x0800174c                HAL_NVIC_SetPriority
 .text.HAL_NVIC_EnableIRQ
                0x080017b0       0x1c .pio/build/disco_b_g431b_esc1/SrcWrapper/src/HAL/stm32yyxx_hal_cortex.c.o
                0x080017b0                HAL_NVIC_EnableIRQ
 .text.HAL_NVIC_DisableIRQ
                0x080017cc       0x24 .pio/build/disco_b_g431b_esc1/SrcWrapper/src/HAL/stm32yyxx_hal_cortex.c.o
                0x080017cc                HAL_NVIC_DisableIRQ
 .text.HAL_SYSTICK_Config
                0x080017f0       0x28 .pio/build/disco_b_g431b_esc1/SrcWrapper/src/HAL/stm32yyxx_hal_cortex.c.o
                0x080017f0                HAL_SYSTICK_Config
 .text.HAL_NVIC_ClearPendingIRQ
                0x08001818       0x1c .pio/build/disco_b_g431b_esc1/SrcWrapper/src/HAL/stm32yyxx_hal_cortex.c.o
                0x08001818                HAL_NVIC_ClearPendingIRQ
 .text.HAL_SYSTICK_Callback
                0x08001834        0x2 .pio/build/disco_b_g431b_esc1/SrcWrapper/src/HAL/stm32yyxx_hal_cortex.c.o
                0x08001834                HAL_SYSTICK_Callback
 .text.HAL_SYSTICK_IRQHandler
                0x08001836        0x8 .pio/build/disco_b_g431b_esc1/SrcWrapper/src/HAL/stm32yyxx_hal_cortex.c.o
                0x08001836                HAL_SYSTICK_IRQHandler
 .text.HAL_CRC_MspInit
                0x0800183e        0x2 .pio/build/disco_b_g431b_esc1/SrcWrapper/src/HAL/stm32yyxx_hal_crc.c.o
                0x0800183e                HAL_CRC_MspInit
 .text.HAL_CRC_Init
                0x08001840       0x74 .pio/build/disco_b_g431b_esc1/SrcWrapper/src/HAL/stm32yyxx_hal_crc.c.o
                0x08001840                HAL_CRC_Init
 .text.HAL_CRCEx_Polynomial_Set
                0x080018b4       0x4e .pio/build/disco_b_g431b_esc1/SrcWrapper/src/HAL/stm32yyxx_hal_crc_ex.c.o
                0x080018b4                HAL_CRCEx_Polynomial_Set
 .text.HAL_DAC_DeInit
                0x08001902       0x1c .pio/build/disco_b_g431b_esc1/SrcWrapper/src/HAL/stm32yyxx_hal_dac.c.o
                0x08001902                HAL_DAC_DeInit
 .text.HAL_DAC_Stop
                0x0800191e       0x24 .pio/build/disco_b_g431b_esc1/SrcWrapper/src/HAL/stm32yyxx_hal_dac.c.o
                0x0800191e                HAL_DAC_Stop
 .text.DMA_SetConfig
                0x08001942       0x34 .pio/build/disco_b_g431b_esc1/SrcWrapper/src/HAL/stm32yyxx_hal_dma.c.o
 *fill*         0x08001976        0x2 
 .text.DMA_CalcDMAMUXChannelBaseAndMask
                0x08001978       0x48 .pio/build/disco_b_g431b_esc1/SrcWrapper/src/HAL/stm32yyxx_hal_dma.c.o
 .text.HAL_DMA_Init
                0x080019c0       0xe0 .pio/build/disco_b_g431b_esc1/SrcWrapper/src/HAL/stm32yyxx_hal_dma.c.o
                0x080019c0                HAL_DMA_Init
 .text.HAL_DMA_DeInit
                0x08001aa0       0xac .pio/build/disco_b_g431b_esc1/SrcWrapper/src/HAL/stm32yyxx_hal_dma.c.o
                0x08001aa0                HAL_DMA_DeInit
 .text.HAL_DMA_Start_IT
                0x08001b4c       0x80 .pio/build/disco_b_g431b_esc1/SrcWrapper/src/HAL/stm32yyxx_hal_dma.c.o
                0x08001b4c                HAL_DMA_Start_IT
 .text.HAL_DMA_Abort
                0x08001bcc       0x64 .pio/build/disco_b_g431b_esc1/SrcWrapper/src/HAL/stm32yyxx_hal_dma.c.o
                0x08001bcc                HAL_DMA_Abort
 .text.HAL_DMA_Abort_IT
                0x08001c30       0x76 .pio/build/disco_b_g431b_esc1/SrcWrapper/src/HAL/stm32yyxx_hal_dma.c.o
                0x08001c30                HAL_DMA_Abort_IT
 .text.HAL_DMA_IRQHandler
                0x08001ca6       0x94 .pio/build/disco_b_g431b_esc1/SrcWrapper/src/HAL/stm32yyxx_hal_dma.c.o
                0x08001ca6                HAL_DMA_IRQHandler
 .text.HAL_DMA_GetState
                0x08001d3a        0x6 .pio/build/disco_b_g431b_esc1/SrcWrapper/src/HAL/stm32yyxx_hal_dma.c.o
                0x08001d3a                HAL_DMA_GetState
 .text.HAL_GPIO_Init
                0x08001d40      0x1a8 .pio/build/disco_b_g431b_esc1/SrcWrapper/src/HAL/stm32yyxx_hal_gpio.c.o
                0x08001d40                HAL_GPIO_Init
 .text.HAL_GPIO_EXTI_IRQHandler
                0x08001ee8       0x18 .pio/build/disco_b_g431b_esc1/SrcWrapper/src/HAL/stm32yyxx_hal_gpio.c.o
                0x08001ee8                HAL_GPIO_EXTI_IRQHandler
 .text.I2C_Flush_TXDR
                0x08001f00       0x1c .pio/build/disco_b_g431b_esc1/SrcWrapper/src/HAL/stm32yyxx_hal_i2c.c.o
 .text.I2C_TransferConfig
                0x08001f1c       0x2c .pio/build/disco_b_g431b_esc1/SrcWrapper/src/HAL/stm32yyxx_hal_i2c.c.o
 .text.I2C_Enable_IRQ
                0x08001f48       0x6c .pio/build/disco_b_g431b_esc1/SrcWrapper/src/HAL/stm32yyxx_hal_i2c.c.o
 .text.I2C_Disable_IRQ
                0x08001fb4       0x42 .pio/build/disco_b_g431b_esc1/SrcWrapper/src/HAL/stm32yyxx_hal_i2c.c.o
 .text.HAL_I2C_MspDeInit
                0x08001ff6        0x2 .pio/build/disco_b_g431b_esc1/SrcWrapper/src/HAL/stm32yyxx_hal_i2c.c.o
                0x08001ff6                HAL_I2C_MspDeInit
 .text.HAL_I2C_DeInit
                0x08001ff8       0x32 .pio/build/disco_b_g431b_esc1/SrcWrapper/src/HAL/stm32yyxx_hal_i2c.c.o
                0x08001ff8                HAL_I2C_DeInit
 *fill*         0x0800202a        0x2 
 .text.HAL_I2C_Slave_Seq_Transmit_IT
                0x0800202c       0xc0 .pio/build/disco_b_g431b_esc1/SrcWrapper/src/HAL/stm32yyxx_hal_i2c.c.o
                0x0800202c                HAL_I2C_Slave_Seq_Transmit_IT
 .text.HAL_I2C_Slave_Seq_Receive_IT
                0x080020ec       0xbc .pio/build/disco_b_g431b_esc1/SrcWrapper/src/HAL/stm32yyxx_hal_i2c.c.o
                0x080020ec                HAL_I2C_Slave_Seq_Receive_IT
 .text.HAL_I2C_EnableListen_IT
                0x080021a8       0x28 .pio/build/disco_b_g431b_esc1/SrcWrapper/src/HAL/stm32yyxx_hal_i2c.c.o
                0x080021a8                HAL_I2C_EnableListen_IT
 .text.HAL_I2C_EV_IRQHandler
                0x080021d0        0xe .pio/build/disco_b_g431b_esc1/SrcWrapper/src/HAL/stm32yyxx_hal_i2c.c.o
                0x080021d0                HAL_I2C_EV_IRQHandler
 .text.HAL_I2C_MasterTxCpltCallback
                0x080021de        0x2 .pio/build/disco_b_g431b_esc1/SrcWrapper/src/HAL/stm32yyxx_hal_i2c.c.o
                0x080021de                HAL_I2C_MasterTxCpltCallback
 .text.HAL_I2C_MasterRxCpltCallback
                0x080021e0        0x2 .pio/build/disco_b_g431b_esc1/SrcWrapper/src/HAL/stm32yyxx_hal_i2c.c.o
                0x080021e0                HAL_I2C_MasterRxCpltCallback
 .text.I2C_ITMasterSeqCplt
                0x080021e2       0x44 .pio/build/disco_b_g431b_esc1/SrcWrapper/src/HAL/stm32yyxx_hal_i2c.c.o
 .text.I2C_ITSlaveSeqCplt
                0x08002226       0x6c .pio/build/disco_b_g431b_esc1/SrcWrapper/src/HAL/stm32yyxx_hal_i2c.c.o
 .text.I2C_ITAddrCplt.constprop.0
                0x08002292       0x86 .pio/build/disco_b_g431b_esc1/SrcWrapper/src/HAL/stm32yyxx_hal_i2c.c.o
 .text.I2C_ITListenCplt
                0x08002318       0x60 .pio/build/disco_b_g431b_esc1/SrcWrapper/src/HAL/stm32yyxx_hal_i2c.c.o
 .text.HAL_I2C_MemTxCpltCallback
                0x08002378        0x2 .pio/build/disco_b_g431b_esc1/SrcWrapper/src/HAL/stm32yyxx_hal_i2c.c.o
                0x08002378                HAL_I2C_MemTxCpltCallback
 .text.HAL_I2C_MemRxCpltCallback
                0x0800237a        0x2 .pio/build/disco_b_g431b_esc1/SrcWrapper/src/HAL/stm32yyxx_hal_i2c.c.o
                0x0800237a                HAL_I2C_MemRxCpltCallback
 .text.HAL_I2C_AbortCpltCallback
                0x0800237c        0x2 .pio/build/disco_b_g431b_esc1/SrcWrapper/src/HAL/stm32yyxx_hal_i2c.c.o
                0x0800237c                HAL_I2C_AbortCpltCallback
 .text.I2C_TreatErrorCallback
                0x0800237e       0x2c .pio/build/disco_b_g431b_esc1/SrcWrapper/src/HAL/stm32yyxx_hal_i2c.c.o
 *fill*         0x080023aa        0x2 
 .text.I2C_ITError
                0x080023ac       0xe4 .pio/build/disco_b_g431b_esc1/SrcWrapper/src/HAL/stm32yyxx_hal_i2c.c.o
 .text.I2C_ITMasterCplt
                0x08002490       0xec .pio/build/disco_b_g431b_esc1/SrcWrapper/src/HAL/stm32yyxx_hal_i2c.c.o
 .text.I2C_Master_ISR_DMA
                0x0800257c      0x102 .pio/build/disco_b_g431b_esc1/SrcWrapper/src/HAL/stm32yyxx_hal_i2c.c.o
 .text.HAL_I2C_ER_IRQHandler
                0x0800267e       0x60 .pio/build/disco_b_g431b_esc1/SrcWrapper/src/HAL/stm32yyxx_hal_i2c.c.o
                0x0800267e                HAL_I2C_ER_IRQHandler
 *fill*         0x080026de        0x2 
 .text.I2C_ITSlaveCplt.constprop.0
                0x080026e0      0x12c .pio/build/disco_b_g431b_esc1/SrcWrapper/src/HAL/stm32yyxx_hal_i2c.c.o
 .text.I2C_Slave_ISR_DMA
                0x0800280c       0xf6 .pio/build/disco_b_g431b_esc1/SrcWrapper/src/HAL/stm32yyxx_hal_i2c.c.o
 .text.I2C_Slave_ISR_IT
                0x08002902      0x112 .pio/build/disco_b_g431b_esc1/SrcWrapper/src/HAL/stm32yyxx_hal_i2c.c.o
 .text.I2C_DMAAbort
                0x08002a14       0x16 .pio/build/disco_b_g431b_esc1/SrcWrapper/src/HAL/stm32yyxx_hal_i2c.c.o
 *fill*         0x08002a2a        0x2 
 .text.HAL_OPAMP_Init
                0x08002a2c       0xdc .pio/build/disco_b_g431b_esc1/SrcWrapper/src/HAL/stm32yyxx_hal_opamp.c.o
                0x08002a2c                HAL_OPAMP_Init
 .text.HAL_OPAMP_Start
                0x08002b08       0x2a .pio/build/disco_b_g431b_esc1/SrcWrapper/src/HAL/stm32yyxx_hal_opamp.c.o
                0x08002b08                HAL_OPAMP_Start
 *fill*         0x08002b32        0x2 
 .text.HAL_PWR_EnableBkUpAccess
                0x08002b34       0x10 .pio/build/disco_b_g431b_esc1/SrcWrapper/src/HAL/stm32yyxx_hal_pwr.c.o
                0x08002b34                HAL_PWR_EnableBkUpAccess
 .text.HAL_PWREx_ControlVoltageScaling
                0x08002b44       0xb0 .pio/build/disco_b_g431b_esc1/SrcWrapper/src/HAL/stm32yyxx_hal_pwr_ex.c.o
                0x08002b44                HAL_PWREx_ControlVoltageScaling
 .text.HAL_PWREx_DisableUCPDDeadBattery
                0x08002bf4       0x10 .pio/build/disco_b_g431b_esc1/SrcWrapper/src/HAL/stm32yyxx_hal_pwr_ex.c.o
                0x08002bf4                HAL_PWREx_DisableUCPDDeadBattery
 .text.HAL_RCC_OscConfig
                0x08002c04      0x420 .pio/build/disco_b_g431b_esc1/SrcWrapper/src/HAL/stm32yyxx_hal_rcc.c.o
                0x08002c04                HAL_RCC_OscConfig
 .text.HAL_RCC_GetSysClockFreq
                0x08003024       0x6c .pio/build/disco_b_g431b_esc1/SrcWrapper/src/HAL/stm32yyxx_hal_rcc.c.o
                0x08003024                HAL_RCC_GetSysClockFreq
 .text.HAL_RCC_ClockConfig
                0x08003090      0x1e8 .pio/build/disco_b_g431b_esc1/SrcWrapper/src/HAL/stm32yyxx_hal_rcc.c.o
                0x08003090                HAL_RCC_ClockConfig
 .text.HAL_RCC_GetPCLK1Freq
                0x08003278       0x24 .pio/build/disco_b_g431b_esc1/SrcWrapper/src/HAL/stm32yyxx_hal_rcc.c.o
                0x08003278                HAL_RCC_GetPCLK1Freq
 .text.HAL_RCC_GetPCLK2Freq
                0x0800329c       0x24 .pio/build/disco_b_g431b_esc1/SrcWrapper/src/HAL/stm32yyxx_hal_rcc.c.o
                0x0800329c                HAL_RCC_GetPCLK2Freq
 .text.HAL_RCC_GetClockConfig
                0x080032c0       0x3c .pio/build/disco_b_g431b_esc1/SrcWrapper/src/HAL/stm32yyxx_hal_rcc.c.o
                0x080032c0                HAL_RCC_GetClockConfig
 .text.HAL_RCCEx_PeriphCLKConfig
                0x080032fc      0x278 .pio/build/disco_b_g431b_esc1/SrcWrapper/src/HAL/stm32yyxx_hal_rcc_ex.c.o
                0x080032fc                HAL_RCCEx_PeriphCLKConfig
 .text.TIM_OC1_SetConfig
                0x08003574       0x74 .pio/build/disco_b_g431b_esc1/SrcWrapper/src/HAL/stm32yyxx_hal_tim.c.o
 .text.TIM_OC3_SetConfig
                0x080035e8       0x7c .pio/build/disco_b_g431b_esc1/SrcWrapper/src/HAL/stm32yyxx_hal_tim.c.o
 .text.TIM_OC4_SetConfig
                0x08003664       0x80 .pio/build/disco_b_g431b_esc1/SrcWrapper/src/HAL/stm32yyxx_hal_tim.c.o
 .text.TIM_OC5_SetConfig
                0x080036e4       0x68 .pio/build/disco_b_g431b_esc1/SrcWrapper/src/HAL/stm32yyxx_hal_tim.c.o
 .text.TIM_OC6_SetConfig
                0x0800374c       0x68 .pio/build/disco_b_g431b_esc1/SrcWrapper/src/HAL/stm32yyxx_hal_tim.c.o
 .text.HAL_TIM_Base_Start
                0x080037b4       0x64 .pio/build/disco_b_g431b_esc1/SrcWrapper/src/HAL/stm32yyxx_hal_tim.c.o
                0x080037b4                HAL_TIM_Base_Start
 .text.HAL_TIM_Base_Stop
                0x08003818       0x28 .pio/build/disco_b_g431b_esc1/SrcWrapper/src/HAL/stm32yyxx_hal_tim.c.o
                0x08003818                HAL_TIM_Base_Stop
 .text.HAL_TIM_GenerateEvent
                0x08003840       0x24 .pio/build/disco_b_g431b_esc1/SrcWrapper/src/HAL/stm32yyxx_hal_tim.c.o
                0x08003840                HAL_TIM_GenerateEvent
 .text.HAL_TIM_PWM_PulseFinishedCallback
                0x08003864        0x2 .pio/build/disco_b_g431b_esc1/SrcWrapper/src/HAL/stm32yyxx_hal_tim.c.o
                0x08003864                HAL_TIM_PWM_PulseFinishedCallback
 .text.HAL_TIM_TriggerCallback
                0x08003866        0x2 .pio/build/disco_b_g431b_esc1/SrcWrapper/src/HAL/stm32yyxx_hal_tim.c.o
                0x08003866                HAL_TIM_TriggerCallback
 .text.HAL_TIM_IRQHandler
                0x08003868      0x1ce .pio/build/disco_b_g431b_esc1/SrcWrapper/src/HAL/stm32yyxx_hal_tim.c.o
                0x08003868                HAL_TIM_IRQHandler
 *fill*         0x08003a36        0x2 
 .text.TIM_Base_SetConfig
                0x08003a38       0x98 .pio/build/disco_b_g431b_esc1/SrcWrapper/src/HAL/stm32yyxx_hal_tim.c.o
                0x08003a38                TIM_Base_SetConfig
 .text.HAL_TIM_Base_Init
                0x08003ad0       0x60 .pio/build/disco_b_g431b_esc1/SrcWrapper/src/HAL/stm32yyxx_hal_tim.c.o
                0x08003ad0                HAL_TIM_Base_Init
 .text.TIM_OC2_SetConfig
                0x08003b30       0x80 .pio/build/disco_b_g431b_esc1/SrcWrapper/src/HAL/stm32yyxx_hal_tim.c.o
                0x08003b30                TIM_OC2_SetConfig
 .text.HAL_TIM_OC_ConfigChannel
                0x08003bb0       0x64 .pio/build/disco_b_g431b_esc1/SrcWrapper/src/HAL/stm32yyxx_hal_tim.c.o
                0x08003bb0                HAL_TIM_OC_ConfigChannel
 .text.HAL_TIM_PWM_ConfigChannel
                0x08003c14       0xf8 .pio/build/disco_b_g431b_esc1/SrcWrapper/src/HAL/stm32yyxx_hal_tim.c.o
                0x08003c14                HAL_TIM_PWM_ConfigChannel
 .text.TIM_TI1_SetConfig
                0x08003d0c       0x64 .pio/build/disco_b_g431b_esc1/SrcWrapper/src/HAL/stm32yyxx_hal_tim.c.o
                0x08003d0c                TIM_TI1_SetConfig
 .text.HAL_TIM_IC_ConfigChannel
                0x08003d70      0x126 .pio/build/disco_b_g431b_esc1/SrcWrapper/src/HAL/stm32yyxx_hal_tim.c.o
                0x08003d70                HAL_TIM_IC_ConfigChannel
 .text.TIM_CCxChannelCmd
                0x08003e96       0x1c .pio/build/disco_b_g431b_esc1/SrcWrapper/src/HAL/stm32yyxx_hal_tim.c.o
                0x08003e96                TIM_CCxChannelCmd
 *fill*         0x08003eb2        0x2 
 .text.HAL_TIM_OC_Start
                0x08003eb4       0xf8 .pio/build/disco_b_g431b_esc1/SrcWrapper/src/HAL/stm32yyxx_hal_tim.c.o
                0x08003eb4                HAL_TIM_OC_Start
 .text.HAL_TIM_PWM_Start
                0x08003fac        0x4 .pio/build/disco_b_g431b_esc1/SrcWrapper/src/HAL/stm32yyxx_hal_tim.c.o
                0x08003fac                HAL_TIM_PWM_Start
 .text.HAL_TIM_IC_Start
                0x08003fb0      0x12c .pio/build/disco_b_g431b_esc1/SrcWrapper/src/HAL/stm32yyxx_hal_tim.c.o
                0x08003fb0                HAL_TIM_IC_Start
 .text.TIM_CCxNChannelCmd
                0x080040dc       0x1c .pio/build/disco_b_g431b_esc1/SrcWrapper/src/HAL/stm32yyxx_hal_tim_ex.c.o
 .text.HAL_TIMEx_OCN_Start
                0x080040f8       0xb0 .pio/build/disco_b_g431b_esc1/SrcWrapper/src/HAL/stm32yyxx_hal_tim_ex.c.o
                0x080040f8                HAL_TIMEx_OCN_Start
 .text.HAL_TIMEx_PWMN_Start
                0x080041a8        0x4 .pio/build/disco_b_g431b_esc1/SrcWrapper/src/HAL/stm32yyxx_hal_tim_ex.c.o
                0x080041a8                HAL_TIMEx_PWMN_Start
 .text.HAL_TIMEx_CommutCallback
                0x080041ac        0x2 .pio/build/disco_b_g431b_esc1/SrcWrapper/src/HAL/stm32yyxx_hal_tim_ex.c.o
                0x080041ac                HAL_TIMEx_CommutCallback
 .text.HAL_TIMEx_BreakCallback
                0x080041ae        0x2 .pio/build/disco_b_g431b_esc1/SrcWrapper/src/HAL/stm32yyxx_hal_tim_ex.c.o
                0x080041ae                HAL_TIMEx_BreakCallback
 .text.HAL_TIMEx_Break2Callback
                0x080041b0        0x2 .pio/build/disco_b_g431b_esc1/SrcWrapper/src/HAL/stm32yyxx_hal_tim_ex.c.o
                0x080041b0                HAL_TIMEx_Break2Callback
 .text.HAL_TIMEx_EncoderIndexCallback
                0x080041b2        0x2 .pio/build/disco_b_g431b_esc1/SrcWrapper/src/HAL/stm32yyxx_hal_tim_ex.c.o
                0x080041b2                HAL_TIMEx_EncoderIndexCallback
 .text.HAL_TIMEx_DirectionChangeCallback
                0x080041b4        0x2 .pio/build/disco_b_g431b_esc1/SrcWrapper/src/HAL/stm32yyxx_hal_tim_ex.c.o
                0x080041b4                HAL_TIMEx_DirectionChangeCallback
 .text.HAL_TIMEx_IndexErrorCallback
                0x080041b6        0x2 .pio/build/disco_b_g431b_esc1/SrcWrapper/src/HAL/stm32yyxx_hal_tim_ex.c.o
                0x080041b6                HAL_TIMEx_IndexErrorCallback
 .text.HAL_TIMEx_TransitionErrorCallback
                0x080041b8        0x2 .pio/build/disco_b_g431b_esc1/SrcWrapper/src/HAL/stm32yyxx_hal_tim_ex.c.o
                0x080041b8                HAL_TIMEx_TransitionErrorCallback
 *fill*         0x080041ba        0x2 
 .text.UART_EndRxTransfer
                0x080041bc       0x58 .pio/build/disco_b_g431b_esc1/SrcWrapper/src/HAL/stm32yyxx_hal_uart.c.o
 .text.UART_TxISR_8BIT.part.0
                0x08004214       0x26 .pio/build/disco_b_g431b_esc1/SrcWrapper/src/HAL/stm32yyxx_hal_uart.c.o
 .text.UART_TxISR_8BIT
                0x0800423a       0x30 .pio/build/disco_b_g431b_esc1/SrcWrapper/src/HAL/stm32yyxx_hal_uart.c.o
 .text.UART_TxISR_16BIT
                0x0800426a       0x34 .pio/build/disco_b_g431b_esc1/SrcWrapper/src/HAL/stm32yyxx_hal_uart.c.o
 .text.UART_TxISR_8BIT_FIFOEN
                0x0800429e       0x66 .pio/build/disco_b_g431b_esc1/SrcWrapper/src/HAL/stm32yyxx_hal_uart.c.o
 .text.UART_TxISR_16BIT_FIFOEN
                0x08004304       0x6a .pio/build/disco_b_g431b_esc1/SrcWrapper/src/HAL/stm32yyxx_hal_uart.c.o
 .text.HAL_UART_MspInit
                0x0800436e        0x2 .pio/build/disco_b_g431b_esc1/SrcWrapper/src/HAL/stm32yyxx_hal_uart.c.o
                0x0800436e                HAL_UART_MspInit
 .text.HAL_UART_Transmit_IT
                0x08004370       0xc8 .pio/build/disco_b_g431b_esc1/SrcWrapper/src/HAL/stm32yyxx_hal_uart.c.o
                0x08004370                HAL_UART_Transmit_IT
 .text.UART_DMAAbortOnError
                0x08004438       0x14 .pio/build/disco_b_g431b_esc1/SrcWrapper/src/HAL/stm32yyxx_hal_uart.c.o
 .text.HAL_UARTEx_RxEventCallback
                0x0800444c        0x2 .pio/build/disco_b_g431b_esc1/SrcWrapper/src/HAL/stm32yyxx_hal_uart.c.o
                0x0800444c                HAL_UARTEx_RxEventCallback
 *fill*         0x0800444e        0x2 
 .text.HAL_UART_IRQHandler
                0x08004450      0x2e4 .pio/build/disco_b_g431b_esc1/SrcWrapper/src/HAL/stm32yyxx_hal_uart.c.o
                0x08004450                HAL_UART_IRQHandler
 .text.UART_RxISR_8BIT
                0x08004734       0xa2 .pio/build/disco_b_g431b_esc1/SrcWrapper/src/HAL/stm32yyxx_hal_uart.c.o
 .text.UART_RxISR_16BIT
                0x080047d6       0x9c .pio/build/disco_b_g431b_esc1/SrcWrapper/src/HAL/stm32yyxx_hal_uart.c.o
 *fill*         0x08004872        0x2 
 .text.UART_RxISR_8BIT_FIFOEN
                0x08004874      0x178 .pio/build/disco_b_g431b_esc1/SrcWrapper/src/HAL/stm32yyxx_hal_uart.c.o
 .text.UART_RxISR_16BIT_FIFOEN
                0x080049ec      0x174 .pio/build/disco_b_g431b_esc1/SrcWrapper/src/HAL/stm32yyxx_hal_uart.c.o
 .text.HAL_HalfDuplex_EnableTransmitter
                0x08004b60       0x4c .pio/build/disco_b_g431b_esc1/SrcWrapper/src/HAL/stm32yyxx_hal_uart.c.o
                0x08004b60                HAL_HalfDuplex_EnableTransmitter
 .text.HAL_HalfDuplex_EnableReceiver
                0x08004bac       0x4c .pio/build/disco_b_g431b_esc1/SrcWrapper/src/HAL/stm32yyxx_hal_uart.c.o
                0x08004bac                HAL_HalfDuplex_EnableReceiver
 .text.HAL_UART_GetState
                0x08004bf8        0xc .pio/build/disco_b_g431b_esc1/SrcWrapper/src/HAL/stm32yyxx_hal_uart.c.o
                0x08004bf8                HAL_UART_GetState
 .text.UART_SetConfig
                0x08004c04      0x240 .pio/build/disco_b_g431b_esc1/SrcWrapper/src/HAL/stm32yyxx_hal_uart.c.o
                0x08004c04                UART_SetConfig
 .text.UART_AdvFeatureConfig
                0x08004e44       0xa8 .pio/build/disco_b_g431b_esc1/SrcWrapper/src/HAL/stm32yyxx_hal_uart.c.o
                0x08004e44                UART_AdvFeatureConfig
 .text.UART_WaitOnFlagUntilTimeout
                0x08004eec       0xc8 .pio/build/disco_b_g431b_esc1/SrcWrapper/src/HAL/stm32yyxx_hal_uart.c.o
                0x08004eec                UART_WaitOnFlagUntilTimeout
 .text.HAL_UART_Transmit
                0x08004fb4       0xb8 .pio/build/disco_b_g431b_esc1/SrcWrapper/src/HAL/stm32yyxx_hal_uart.c.o
                0x08004fb4                HAL_UART_Transmit
 .text.UART_CheckIdleState
                0x0800506c       0x68 .pio/build/disco_b_g431b_esc1/SrcWrapper/src/HAL/stm32yyxx_hal_uart.c.o
                0x0800506c                UART_CheckIdleState
 .text.HAL_UART_Init
                0x080050d4       0x60 .pio/build/disco_b_g431b_esc1/SrcWrapper/src/HAL/stm32yyxx_hal_uart.c.o
                0x080050d4                HAL_UART_Init
 .text.HAL_HalfDuplex_Init
                0x08005134       0x68 .pio/build/disco_b_g431b_esc1/SrcWrapper/src/HAL/stm32yyxx_hal_uart.c.o
                0x08005134                HAL_HalfDuplex_Init
 .text.UART_Start_Receive_IT
                0x0800519c      0x130 .pio/build/disco_b_g431b_esc1/SrcWrapper/src/HAL/stm32yyxx_hal_uart.c.o
                0x0800519c                UART_Start_Receive_IT
 .text.HAL_UART_Receive_IT
                0x080052cc       0x54 .pio/build/disco_b_g431b_esc1/SrcWrapper/src/HAL/stm32yyxx_hal_uart.c.o
                0x080052cc                HAL_UART_Receive_IT
 .text.HAL_UARTEx_RxFifoFullCallback
                0x08005320        0x2 .pio/build/disco_b_g431b_esc1/SrcWrapper/src/HAL/stm32yyxx_hal_uart_ex.c.o
                0x08005320                HAL_UARTEx_RxFifoFullCallback
 .text.HAL_UARTEx_TxFifoEmptyCallback
                0x08005322        0x2 .pio/build/disco_b_g431b_esc1/SrcWrapper/src/HAL/stm32yyxx_hal_uart_ex.c.o
                0x08005322                HAL_UARTEx_TxFifoEmptyCallback
 .text.HAL_UARTEx_EnableStopMode
                0x08005324       0x2c .pio/build/disco_b_g431b_esc1/SrcWrapper/src/HAL/stm32yyxx_hal_uart_ex.c.o
                0x08005324                HAL_UARTEx_EnableStopMode
 .text.HAL_UARTEx_DisableStopMode
                0x08005350       0x2c .pio/build/disco_b_g431b_esc1/SrcWrapper/src/HAL/stm32yyxx_hal_uart_ex.c.o
                0x08005350                HAL_UARTEx_DisableStopMode
 .text._ZNSt8functionIFvvEEaSEDn.isra.0
                0x0800537c       0x16 .pio/build/disco_b_g431b_esc1/SrcWrapper/src/HardwareTimer.cpp.o
 .text._ZNSt14_Function_baseD2Ev
                0x08005392       0x12 .pio/build/disco_b_g431b_esc1/SrcWrapper/src/HardwareTimer.cpp.o
                0x08005392                std::_Function_base::~_Function_base()
                0x08005392                std::_Function_base::~_Function_base()
 .text._ZN13HardwareTimer5pauseEv
                0x080053a4       0x6a .pio/build/disco_b_g431b_esc1/SrcWrapper/src/HardwareTimer.cpp.o
                0x080053a4                HardwareTimer::pause()
 .text._ZN13HardwareTimer10getChannelEm
                0x0800540e       0x10 .pio/build/disco_b_g431b_esc1/SrcWrapper/src/HardwareTimer.cpp.o
                0x0800540e                HardwareTimer::getChannel(unsigned long)
 *fill*         0x0800541e        0x2 
 .text._ZN13HardwareTimer12getLLChannelEm
                0x08005420       0x28 .pio/build/disco_b_g431b_esc1/SrcWrapper/src/HardwareTimer.cpp.o
                0x08005420                HardwareTimer::getLLChannel(unsigned long)
 .text._ZN13HardwareTimer5getITEm
                0x08005448       0x14 .pio/build/disco_b_g431b_esc1/SrcWrapper/src/HardwareTimer.cpp.o
                0x08005448                HardwareTimer::getIT(unsigned long)
 .text._ZN13HardwareTimer20getAssociatedChannelEm
                0x0800545c       0x14 .pio/build/disco_b_g431b_esc1/SrcWrapper/src/HardwareTimer.cpp.o
                0x0800545c                HardwareTimer::getAssociatedChannel(unsigned long)
 .text._ZN13HardwareTimer12pauseChannelEm
                0x08005470       0xd0 .pio/build/disco_b_g431b_esc1/SrcWrapper/src/HardwareTimer.cpp.o
                0x08005470                HardwareTimer::pauseChannel(unsigned long)
 .text._ZN13HardwareTimer13resumeChannelEm
                0x08005540       0xf4 .pio/build/disco_b_g431b_esc1/SrcWrapper/src/HardwareTimer.cpp.o
                0x08005540                HardwareTimer::resumeChannel(unsigned long)
 .text._ZN13HardwareTimer6resumeEv
                0x08005634       0x42 .pio/build/disco_b_g431b_esc1/SrcWrapper/src/HardwareTimer.cpp.o
                0x08005634                HardwareTimer::resume()
 *fill*         0x08005676        0x2 
 .text._ZN13HardwareTimer7setModeEm12TimerModes_t7PinName20ChannelInputFilter_t
                0x08005678      0x168 .pio/build/disco_b_g431b_esc1/SrcWrapper/src/HardwareTimer.cpp.o
                0x08005678                HardwareTimer::setMode(unsigned long, TimerModes_t, PinName, ChannelInputFilter_t)
 .text._ZN13HardwareTimer7refreshEv
                0x080057e0        0x8 .pio/build/disco_b_g431b_esc1/SrcWrapper/src/HardwareTimer.cpp.o
                0x080057e0                HardwareTimer::refresh()
 .text._ZN13HardwareTimer9getHandleEv
                0x080057e8        0x4 .pio/build/disco_b_g431b_esc1/SrcWrapper/src/HardwareTimer.cpp.o
                0x080057e8                HardwareTimer::getHandle()
 .text._ZN13HardwareTimer9isRunningEv
                0x080057ec        0xa .pio/build/disco_b_g431b_esc1/SrcWrapper/src/HardwareTimer.cpp.o
                0x080057ec                HardwareTimer::isRunning()
 .text._ZN13HardwareTimer27updateRegistersIfNotRunningEP11TIM_TypeDef
                0x080057f6       0x3a .pio/build/disco_b_g431b_esc1/SrcWrapper/src/HardwareTimer.cpp.o
                0x080057f6                HardwareTimer::updateRegistersIfNotRunning(TIM_TypeDef*)
 .text._Z15get_timer_indexP11TIM_TypeDef
                0x08005830       0x80 .pio/build/disco_b_g431b_esc1/SrcWrapper/src/HardwareTimer.cpp.o
                0x08005830                get_timer_index(TIM_TypeDef*)
 .text._ZN13HardwareTimerD2Ev
                0x080058b0       0x40 .pio/build/disco_b_g431b_esc1/SrcWrapper/src/HardwareTimer.cpp.o
                0x080058b0                HardwareTimer::~HardwareTimer()
                0x080058b0                HardwareTimer::~HardwareTimer()
 .text._ZN13HardwareTimer5setupEP11TIM_TypeDef
                0x080058f0       0x9c .pio/build/disco_b_g431b_esc1/SrcWrapper/src/HardwareTimer.cpp.o
                0x080058f0                HardwareTimer::setup(TIM_TypeDef*)
 .text._ZN13HardwareTimer15getTimerClkFreqEv
                0x0800598c       0x58 .pio/build/disco_b_g431b_esc1/SrcWrapper/src/HardwareTimer.cpp.o
                0x0800598c                HardwareTimer::getTimerClkFreq()
 .text._ZN13HardwareTimer11setOverflowEm13TimerFormat_t
                0x080059e4       0x4c .pio/build/disco_b_g431b_esc1/SrcWrapper/src/HardwareTimer.cpp.o
                0x080059e4                HardwareTimer::setOverflow(unsigned long, TimerFormat_t)
 .text._ZN13HardwareTimer17setCaptureCompareEmm20TimerCompareFormat_t
                0x08005a30       0xb8 .pio/build/disco_b_g431b_esc1/SrcWrapper/src/HardwareTimer.cpp.o
                0x08005a30                HardwareTimer::setCaptureCompare(unsigned long, unsigned long, TimerCompareFormat_t)
 .text.TIM1_UP_TIM16_IRQHandler
                0x08005ae8       0x24 .pio/build/disco_b_g431b_esc1/SrcWrapper/src/HardwareTimer.cpp.o
                0x08005ae8                TIM1_UP_TIM16_IRQHandler
 .text.TIM1_CC_IRQHandler
                0x08005b0c       0x14 .pio/build/disco_b_g431b_esc1/SrcWrapper/src/HardwareTimer.cpp.o
                0x08005b0c                TIM1_CC_IRQHandler
 .text.TIM2_IRQHandler
                0x08005b20       0x14 .pio/build/disco_b_g431b_esc1/SrcWrapper/src/HardwareTimer.cpp.o
                0x08005b20                TIM2_IRQHandler
 .text.TIM3_IRQHandler
                0x08005b34       0x14 .pio/build/disco_b_g431b_esc1/SrcWrapper/src/HardwareTimer.cpp.o
                0x08005b34                TIM3_IRQHandler
 .text.TIM4_IRQHandler
                0x08005b48       0x14 .pio/build/disco_b_g431b_esc1/SrcWrapper/src/HardwareTimer.cpp.o
                0x08005b48                TIM4_IRQHandler
 .text.TIM6_DAC_IRQHandler
                0x08005b5c       0x14 .pio/build/disco_b_g431b_esc1/SrcWrapper/src/HardwareTimer.cpp.o
                0x08005b5c                TIM6_DAC_IRQHandler
 .text.TIM7_IRQHandler
                0x08005b70       0x14 .pio/build/disco_b_g431b_esc1/SrcWrapper/src/HardwareTimer.cpp.o
                0x08005b70                TIM7_IRQHandler
 .text.TIM8_UP_IRQHandler
                0x08005b84       0x14 .pio/build/disco_b_g431b_esc1/SrcWrapper/src/HardwareTimer.cpp.o
                0x08005b84                TIM8_UP_IRQHandler
 .text.TIM8_CC_IRQHandler
                0x08005b98        0x4 .pio/build/disco_b_g431b_esc1/SrcWrapper/src/HardwareTimer.cpp.o
                0x08005b98                TIM8_CC_IRQHandler
 .text.TIM1_BRK_TIM15_IRQHandler
                0x08005b9c       0x14 .pio/build/disco_b_g431b_esc1/SrcWrapper/src/HardwareTimer.cpp.o
                0x08005b9c                TIM1_BRK_TIM15_IRQHandler
 .text.TIM1_TRG_COM_TIM17_IRQHandler
                0x08005bb0       0x14 .pio/build/disco_b_g431b_esc1/SrcWrapper/src/HardwareTimer.cpp.o
                0x08005bb0                TIM1_TRG_COM_TIM17_IRQHandler
 .text._ZNSt8functionIFvvEEC2Ev
                0x08005bc4        0xc .pio/build/disco_b_g431b_esc1/SrcWrapper/src/HardwareTimer.cpp.o
                0x08005bc4                std::function<void ()>::function()
                0x08005bc4                std::function<void ()>::function()
 .text._ZN13HardwareTimerC2EP11TIM_TypeDef
                0x08005bd0       0x2a .pio/build/disco_b_g431b_esc1/SrcWrapper/src/HardwareTimer.cpp.o
                0x08005bd0                HardwareTimer::HardwareTimer(TIM_TypeDef*)
                0x08005bd0                HardwareTimer::HardwareTimer(TIM_TypeDef*)
 .text._ZNSt8functionIFvvEEC2ERKS1_
                0x08005bfa       0x24 .pio/build/disco_b_g431b_esc1/SrcWrapper/src/HardwareTimer.cpp.o
                0x08005bfa                std::function<void ()>::function(std::function<void ()> const&)
                0x08005bfa                std::function<void ()>::function(std::function<void ()> const&)
 .text._ZNKSt8functionIFvvEEclEv
                0x08005c1e       0x12 .pio/build/disco_b_g431b_esc1/SrcWrapper/src/HardwareTimer.cpp.o
                0x08005c1e                std::function<void ()>::operator()() const
 .text._ZN13HardwareTimer14updateCallbackEP17TIM_HandleTypeDef
                0x08005c30       0x18 .pio/build/disco_b_g431b_esc1/SrcWrapper/src/HardwareTimer.cpp.o
                0x08005c30                HardwareTimer::updateCallback(TIM_HandleTypeDef*)
 .text.HAL_TIM_PeriodElapsedCallback
                0x08005c48        0x4 .pio/build/disco_b_g431b_esc1/SrcWrapper/src/HardwareTimer.cpp.o
                0x08005c48                HAL_TIM_PeriodElapsedCallback
 .text._ZN13HardwareTimer22captureCompareCallbackEP17TIM_HandleTypeDef
                0x08005c4c       0x3e .pio/build/disco_b_g431b_esc1/SrcWrapper/src/HardwareTimer.cpp.o
                0x08005c4c                HardwareTimer::captureCompareCallback(TIM_HandleTypeDef*)
 .text.HAL_TIM_OC_DelayElapsedCallback
                0x08005c8a        0x4 .pio/build/disco_b_g431b_esc1/SrcWrapper/src/HardwareTimer.cpp.o
                0x08005c8a                HAL_TIM_OC_DelayElapsedCallback
 .text.HAL_TIM_IC_CaptureCallback
                0x08005c8e        0x4 .pio/build/disco_b_g431b_esc1/SrcWrapper/src/HardwareTimer.cpp.o
                0x08005c8e                HAL_TIM_IC_CaptureCallback
 .text._Znwj    0x08005c92        0x4 .pio/build/disco_b_g431b_esc1/SrcWrapper/src/new.cpp.o
                0x08005c92                operator new(unsigned int)
 .text._ZdlPvj  0x08005c96        0x4 .pio/build/disco_b_g431b_esc1/SrcWrapper/src/new.cpp.o
                0x08005c96                operator delete(void*, unsigned int)
 *fill*         0x08005c9a        0x2 
 .text.set_GPIO_Port_Clock
                0x08005c9c       0xe0 .pio/build/disco_b_g431b_esc1/SrcWrapper/src/stm32/PortNames.c.o
                0x08005c9c                set_GPIO_Port_Clock
 .text.get_dac_channel
                0x08005d7c       0x24 .pio/build/disco_b_g431b_esc1/SrcWrapper/src/stm32/analog.cpp.o
                0x08005d7c                get_dac_channel
 .text.HAL_DAC_MspDeInit
                0x08005da0       0x50 .pio/build/disco_b_g431b_esc1/SrcWrapper/src/stm32/analog.cpp.o
                0x08005da0                HAL_DAC_MspDeInit
 .text.dac_stop
                0x08005df0       0x34 .pio/build/disco_b_g431b_esc1/SrcWrapper/src/stm32/analog.cpp.o
                0x08005df0                dac_stop
 .text.pwm_stop
                0x08005e24       0x5c .pio/build/disco_b_g431b_esc1/SrcWrapper/src/stm32/analog.cpp.o
                0x08005e24                pwm_stop
 .text.getCurrentMicros
                0x08005e80       0x48 .pio/build/disco_b_g431b_esc1/SrcWrapper/src/stm32/clock.c.o
                0x08005e80                getCurrentMicros
 .text.getCurrentMillis
                0x08005ec8        0x4 .pio/build/disco_b_g431b_esc1/SrcWrapper/src/stm32/clock.c.o
                0x08005ec8                getCurrentMillis
 .text.noOsSystickHandler
                0x08005ecc        0x2 .pio/build/disco_b_g431b_esc1/SrcWrapper/src/stm32/clock.c.o
                0x08005ecc                noOsSystickHandler
                0x08005ecc                osSystickHandler
 .text.SysTick_Handler
                0x08005ece       0x10 .pio/build/disco_b_g431b_esc1/SrcWrapper/src/stm32/clock.c.o
                0x08005ece                SysTick_Handler
 *fill*         0x08005ede        0x2 
 .text.enableClock
                0x08005ee0       0xcc .pio/build/disco_b_g431b_esc1/SrcWrapper/src/stm32/clock.c.o
                0x08005ee0                enableClock
 .text.configHSECapacitorTuning
                0x08005fac        0x2 .pio/build/disco_b_g431b_esc1/SrcWrapper/src/stm32/clock.c.o
                0x08005fac                configHSECapacitorTuning
 *fill*         0x08005fae        0x2 
 .text.configIPClock
                0x08005fb0       0x44 .pio/build/disco_b_g431b_esc1/SrcWrapper/src/stm32/clock.c.o
                0x08005fb0                configIPClock
 .text.dwt_init
                0x08005ff4       0x3c .pio/build/disco_b_g431b_esc1/SrcWrapper/src/stm32/dwt.c.o
                0x08005ff4                dwt_init
 .text.hw_config_init
                0x08006030       0x28 .pio/build/disco_b_g431b_esc1/SrcWrapper/src/stm32/hw_config.c.o
                0x08006030                hw_config_init
 .text._ZNSt17_Function_handlerIFvvEPS0_E10_M_managerERSt9_Any_dataRKS3_St18_Manager_operation
                0x08006058       0x20 .pio/build/disco_b_g431b_esc1/SrcWrapper/src/stm32/interrupt.cpp.o
                0x08006058                std::_Function_handler<void (), void (*)()>::_M_manager(std::_Any_data&, std::_Any_data const&, std::_Manager_operation)
 .text._ZNSt17_Function_handlerIFvvEPS0_E9_M_invokeERKSt9_Any_data
                0x08006078        0x4 .pio/build/disco_b_g431b_esc1/SrcWrapper/src/stm32/interrupt.cpp.o
                0x08006078                std::_Function_handler<void (), void (*)()>::_M_invoke(std::_Any_data const&)
 .text.startup._ZNSt8functionIFvvEEC2EDn.constprop.0.isra.0
                0x0800607c        0xc .pio/build/disco_b_g431b_esc1/SrcWrapper/src/stm32/interrupt.cpp.o
 .text.HAL_GPIO_EXTI_Callback
                0x08006088       0x2c .pio/build/disco_b_g431b_esc1/SrcWrapper/src/stm32/interrupt.cpp.o
                0x08006088                HAL_GPIO_EXTI_Callback
 .text.EXTI0_IRQHandler
                0x080060b4        0x6 .pio/build/disco_b_g431b_esc1/SrcWrapper/src/stm32/interrupt.cpp.o
                0x080060b4                EXTI0_IRQHandler
 .text.EXTI1_IRQHandler
                0x080060ba        0x6 .pio/build/disco_b_g431b_esc1/SrcWrapper/src/stm32/interrupt.cpp.o
                0x080060ba                EXTI1_IRQHandler
 .text.EXTI2_IRQHandler
                0x080060c0        0x6 .pio/build/disco_b_g431b_esc1/SrcWrapper/src/stm32/interrupt.cpp.o
                0x080060c0                EXTI2_IRQHandler
 .text.EXTI3_IRQHandler
                0x080060c6        0x6 .pio/build/disco_b_g431b_esc1/SrcWrapper/src/stm32/interrupt.cpp.o
                0x080060c6                EXTI3_IRQHandler
 .text.EXTI4_IRQHandler
                0x080060cc        0x6 .pio/build/disco_b_g431b_esc1/SrcWrapper/src/stm32/interrupt.cpp.o
                0x080060cc                EXTI4_IRQHandler
 .text.EXTI9_5_IRQHandler
                0x080060d2       0x16 .pio/build/disco_b_g431b_esc1/SrcWrapper/src/stm32/interrupt.cpp.o
                0x080060d2                EXTI9_5_IRQHandler
 .text.EXTI15_10_IRQHandler
                0x080060e8       0x18 .pio/build/disco_b_g431b_esc1/SrcWrapper/src/stm32/interrupt.cpp.o
                0x080060e8                EXTI15_10_IRQHandler
 .text._Z22stm32_interrupt_enableP12GPIO_TypeDeftSt8functionIFvvEEm
                0x08006100       0xa8 .pio/build/disco_b_g431b_esc1/SrcWrapper/src/stm32/interrupt.cpp.o
                0x08006100                stm32_interrupt_enable(GPIO_TypeDef*, unsigned short, std::function<void ()>, unsigned long)
 .text.startup._GLOBAL__sub_I__Z22stm32_interrupt_enableP12GPIO_TypeDeftSt8functionIFvvEEm
                0x080061a8       0xd8 .pio/build/disco_b_g431b_esc1/SrcWrapper/src/stm32/interrupt.cpp.o
 .text.exit._GLOBAL__sub_D__Z22stm32_interrupt_enableP12GPIO_TypeDeftSt8functionIFvvEEm
                0x08006280       0x1c .pio/build/disco_b_g431b_esc1/SrcWrapper/src/stm32/interrupt.cpp.o
 .text.LL_GPIO_SetPinPull
                0x0800629c       0x2a .pio/build/disco_b_g431b_esc1/SrcWrapper/src/stm32/pinmap.c.o
 .text.pin_in_pinmap
                0x080062c6       0x1e .pio/build/disco_b_g431b_esc1/SrcWrapper/src/stm32/pinmap.c.o
                0x080062c6                pin_in_pinmap
 .text.pin_function
                0x080062e4      0x11c .pio/build/disco_b_g431b_esc1/SrcWrapper/src/stm32/pinmap.c.o
                0x080062e4                pin_function
 .text.pinmap_pinout
                0x08006400       0x1a .pio/build/disco_b_g431b_esc1/SrcWrapper/src/stm32/pinmap.c.o
                0x08006400                pinmap_pinout
 .text.pinmap_find_peripheral
                0x0800641a       0x16 .pio/build/disco_b_g431b_esc1/SrcWrapper/src/stm32/pinmap.c.o
                0x0800641a                pinmap_find_peripheral
 .text.pinmap_peripheral
                0x08006430        0xc .pio/build/disco_b_g431b_esc1/SrcWrapper/src/stm32/pinmap.c.o
                0x08006430                pinmap_peripheral
 .text.pinmap_find_pin
                0x0800643c       0x16 .pio/build/disco_b_g431b_esc1/SrcWrapper/src/stm32/pinmap.c.o
                0x0800643c                pinmap_find_pin
 .text.pinmap_pin
                0x08006452        0xc .pio/build/disco_b_g431b_esc1/SrcWrapper/src/stm32/pinmap.c.o
                0x08006452                pinmap_pin
 .text.pinmap_find_function
                0x0800645e       0x16 .pio/build/disco_b_g431b_esc1/SrcWrapper/src/stm32/pinmap.c.o
                0x0800645e                pinmap_find_function
 .text.pinmap_function
                0x08006474        0xa .pio/build/disco_b_g431b_esc1/SrcWrapper/src/stm32/pinmap.c.o
                0x08006474                pinmap_function
 .text.pinmap_merge_peripheral
                0x0800647e       0x14 .pio/build/disco_b_g431b_esc1/SrcWrapper/src/stm32/pinmap.c.o
                0x0800647e                pinmap_merge_peripheral
 *fill*         0x08006492        0x2 
 .text.SystemInit
                0x08006494       0x44 .pio/build/disco_b_g431b_esc1/SrcWrapper/src/stm32/system_stm32yyxx.c.o
                0x08006494                SystemInit
 .text.get_timer_obj
                0x080064d8        0x4 .pio/build/disco_b_g431b_esc1/SrcWrapper/src/stm32/timer.c.o
                0x080064d8                get_timer_obj
 .text.enableTimerClock
                0x080064dc      0x148 .pio/build/disco_b_g431b_esc1/SrcWrapper/src/stm32/timer.c.o
                0x080064dc                enableTimerClock
 .text.disableTimerClock
                0x08006624       0xe0 .pio/build/disco_b_g431b_esc1/SrcWrapper/src/stm32/timer.c.o
                0x08006624                disableTimerClock
 .text.getTimerUpIrq
                0x08006704       0x90 .pio/build/disco_b_g431b_esc1/SrcWrapper/src/stm32/timer.c.o
                0x08006704                getTimerUpIrq
 .text.getTimerCCIrq
                0x08006794       0x94 .pio/build/disco_b_g431b_esc1/SrcWrapper/src/stm32/timer.c.o
                0x08006794                getTimerCCIrq
 .text.HAL_TIM_Base_MspInit
                0x08006828       0x4e .pio/build/disco_b_g431b_esc1/SrcWrapper/src/stm32/timer.c.o
                0x08006828                HAL_TIM_Base_MspInit
 *fill*         0x08006876        0x2 
 .text.getTimerClkSrc
                0x08006878       0x68 .pio/build/disco_b_g431b_esc1/SrcWrapper/src/stm32/timer.c.o
                0x08006878                getTimerClkSrc
 .text.getTimerChannel
                0x080068e0       0x20 .pio/build/disco_b_g431b_esc1/SrcWrapper/src/stm32/timer.c.o
                0x080068e0                getTimerChannel
 .text.uart_init.part.0
                0x08006900      0x40c .pio/build/disco_b_g431b_esc1/SrcWrapper/src/stm32/uart.c.o
 .text.uart_init
                0x08006d0c       0x16 .pio/build/disco_b_g431b_esc1/SrcWrapper/src/stm32/uart.c.o
                0x08006d0c                uart_init
 *fill*         0x08006d22        0x2 
 .text.uart_debug_init
                0x08006d24       0x38 .pio/build/disco_b_g431b_esc1/SrcWrapper/src/stm32/uart.c.o
                0x08006d24                uart_debug_init
 .text.serial_rx_active
                0x08006d5c       0x24 .pio/build/disco_b_g431b_esc1/SrcWrapper/src/stm32/uart.c.o
                0x08006d5c                serial_rx_active
 .text.serial_tx_active
                0x08006d80       0x24 .pio/build/disco_b_g431b_esc1/SrcWrapper/src/stm32/uart.c.o
                0x08006d80                serial_tx_active
 .text.uart_debug_write
                0x08006da4       0xc4 .pio/build/disco_b_g431b_esc1/SrcWrapper/src/stm32/uart.c.o
                0x08006da4                uart_debug_write
 .text.uart_getc
                0x08006e68       0x38 .pio/build/disco_b_g431b_esc1/SrcWrapper/src/stm32/uart.c.o
                0x08006e68                uart_getc
 .text.uart_attach_rx_callback
                0x08006ea0       0x40 .pio/build/disco_b_g431b_esc1/SrcWrapper/src/stm32/uart.c.o
                0x08006ea0                uart_attach_rx_callback
 .text.uart_attach_tx_callback
                0x08006ee0       0x44 .pio/build/disco_b_g431b_esc1/SrcWrapper/src/stm32/uart.c.o
                0x08006ee0                uart_attach_tx_callback
 .text.uart_enable_tx
                0x08006f24       0x20 .pio/build/disco_b_g431b_esc1/SrcWrapper/src/stm32/uart.c.o
                0x08006f24                uart_enable_tx
 .text.uart_enable_rx
                0x08006f44       0x20 .pio/build/disco_b_g431b_esc1/SrcWrapper/src/stm32/uart.c.o
                0x08006f44                uart_enable_rx
 .text.HAL_UART_RxCpltCallback
                0x08006f64        0x8 .pio/build/disco_b_g431b_esc1/SrcWrapper/src/stm32/uart.c.o
                0x08006f64                HAL_UART_RxCpltCallback
 .text.HAL_UART_TxCpltCallback
                0x08006f6c        0x8 .pio/build/disco_b_g431b_esc1/SrcWrapper/src/stm32/uart.c.o
                0x08006f6c                HAL_UART_TxCpltCallback
 .text.HAL_UART_ErrorCallback
                0x08006f74       0x48 .pio/build/disco_b_g431b_esc1/SrcWrapper/src/stm32/uart.c.o
                0x08006f74                HAL_UART_ErrorCallback
 .text.USART1_IRQHandler
                0x08006fbc       0x18 .pio/build/disco_b_g431b_esc1/SrcWrapper/src/stm32/uart.c.o
                0x08006fbc                USART1_IRQHandler
 .text.USART2_IRQHandler
                0x08006fd4       0x1c .pio/build/disco_b_g431b_esc1/SrcWrapper/src/stm32/uart.c.o
                0x08006fd4                USART2_IRQHandler
 .text.USART3_IRQHandler
                0x08006ff0       0x1c .pio/build/disco_b_g431b_esc1/SrcWrapper/src/stm32/uart.c.o
                0x08006ff0                USART3_IRQHandler
 .text.UART4_IRQHandler
                0x0800700c       0x18 .pio/build/disco_b_g431b_esc1/SrcWrapper/src/stm32/uart.c.o
                0x0800700c                UART4_IRQHandler
 .text.LPUART1_IRQHandler
                0x08007024       0x18 .pio/build/disco_b_g431b_esc1/SrcWrapper/src/stm32/uart.c.o
                0x08007024                LPUART1_IRQHandler
 .text.HAL_UARTEx_WakeupCallback
                0x0800703c        0xa .pio/build/disco_b_g431b_esc1/SrcWrapper/src/stm32/uart.c.o
                0x0800703c                HAL_UARTEx_WakeupCallback
 *fill*         0x08007046        0x2 
 .text._sbrk    0x08007048       0x3c .pio/build/disco_b_g431b_esc1/SrcWrapper/src/syscalls.c.o
                0x08007048                _sbrk
 .text._close   0x08007084        0x6 .pio/build/disco_b_g431b_esc1/SrcWrapper/src/syscalls.c.o
                0x08007084                _close
 .text._fstat   0x0800708a        0xa .pio/build/disco_b_g431b_esc1/SrcWrapper/src/syscalls.c.o
                0x0800708a                _fstat
 .text._isatty  0x08007094        0x4 .pio/build/disco_b_g431b_esc1/SrcWrapper/src/syscalls.c.o
                0x08007094                _isatty
 .text._lseek   0x08007098        0x4 .pio/build/disco_b_g431b_esc1/SrcWrapper/src/syscalls.c.o
                0x08007098                _lseek
 .text._read    0x0800709c        0x4 .pio/build/disco_b_g431b_esc1/SrcWrapper/src/syscalls.c.o
                0x0800709c                _read
 .text._exit    0x080070a0        0x2 .pio/build/disco_b_g431b_esc1/SrcWrapper/src/syscalls.c.o
                0x080070a0                _exit
 *fill*         0x080070a2        0x2 
 .text._kill    0x080070a4       0x10 .pio/build/disco_b_g431b_esc1/SrcWrapper/src/syscalls.c.o
                0x080070a4                _kill
 .text._getpid  0x080070b4        0x4 .pio/build/disco_b_g431b_esc1/SrcWrapper/src/syscalls.c.o
                0x080070b4                _getpid
 .text._ZN5Print17availableForWriteEv
                0x080070b8        0x4 .pio/build/disco_b_g431b_esc1/lib416/Wire/Wire.cpp.o
                0x080070b8                Print::availableForWrite()
 .text._ZN7TwoWire9availableEv
                0x080070bc        0x8 .pio/build/disco_b_g431b_esc1/lib416/Wire/Wire.cpp.o
                0x080070bc                TwoWire::available()
 .text._ZN7TwoWire4readEv
                0x080070c4       0x1a .pio/build/disco_b_g431b_esc1/lib416/Wire/Wire.cpp.o
                0x080070c4                TwoWire::read()
 .text._ZN7TwoWire4peekEv
                0x080070de       0x12 .pio/build/disco_b_g431b_esc1/lib416/Wire/Wire.cpp.o
                0x080070de                TwoWire::peek()
 .text._ZN7TwoWire3endEv
                0x080070f0       0x28 .pio/build/disco_b_g431b_esc1/lib416/Wire/Wire.cpp.o
                0x080070f0                TwoWire::end()
 .text._ZN7TwoWireD2Ev
                0x08007118       0x28 .pio/build/disco_b_g431b_esc1/lib416/Wire/Wire.cpp.o
                0x08007118                TwoWire::~TwoWire()
                0x08007118                TwoWire::~TwoWire()
 .text._ZN7TwoWire16allocateTxBufferEj
                0x08007140       0x32 .pio/build/disco_b_g431b_esc1/lib416/Wire/Wire.cpp.o
                0x08007140                TwoWire::allocateTxBuffer(unsigned int)
 .text._ZN7TwoWire5writeEh
                0x08007172       0x42 .pio/build/disco_b_g431b_esc1/lib416/Wire/Wire.cpp.o
                0x08007172                TwoWire::write(unsigned char)
 .text._ZN7TwoWire5writeEPKhj
                0x080071b4       0x42 .pio/build/disco_b_g431b_esc1/lib416/Wire/Wire.cpp.o
                0x080071b4                TwoWire::write(unsigned char const*, unsigned int)
 .text._ZN7TwoWire13resetTxBufferEv
                0x080071f6       0x10 .pio/build/disco_b_g431b_esc1/lib416/Wire/Wire.cpp.o
                0x080071f6                TwoWire::resetTxBuffer()
 .text._ZN7TwoWire5flushEv
                0x08007206       0x20 .pio/build/disco_b_g431b_esc1/lib416/Wire/Wire.cpp.o
                0x08007206                TwoWire::flush()
 .text._ZNSt8functionIFviEEC2Ev
                0x08007226        0xc .pio/build/disco_b_g431b_esc1/lib416/Wire/Wire.cpp.o
                0x08007226                std::function<void (int)>::function()
                0x08007226                std::function<void (int)>::function()
 *fill*         0x08007232        0x2 
 .text._ZN7TwoWireC2Ev
                0x08007234       0x48 .pio/build/disco_b_g431b_esc1/lib416/Wire/Wire.cpp.o
                0x08007234                TwoWire::TwoWire()
                0x08007234                TwoWire::TwoWire()
 .text.startup._GLOBAL__sub_I__ZN7TwoWireC2Ev
                0x0800727c        0xc .pio/build/disco_b_g431b_esc1/lib416/Wire/Wire.cpp.o
 .text.exit._GLOBAL__sub_D__ZN7TwoWireC2Ev
                0x08007288        0xc .pio/build/disco_b_g431b_esc1/lib416/Wire/Wire.cpp.o
 .text.i2c_deinit
                0x08007294       0x1e .pio/build/disco_b_g431b_esc1/lib416/Wire/utility/twi.c.o
                0x08007294                i2c_deinit
 .text.i2c_slave_write_IT
                0x080072b2       0x34 .pio/build/disco_b_g431b_esc1/lib416/Wire/utility/twi.c.o
                0x080072b2                i2c_slave_write_IT
 .text.HAL_I2C_AddrCallback
                0x080072e6       0x70 .pio/build/disco_b_g431b_esc1/lib416/Wire/utility/twi.c.o
                0x080072e6                HAL_I2C_AddrCallback
 .text.HAL_I2C_ListenCpltCallback
                0x08007356       0x2a .pio/build/disco_b_g431b_esc1/lib416/Wire/utility/twi.c.o
                0x08007356                HAL_I2C_ListenCpltCallback
 .text.HAL_I2C_SlaveRxCpltCallback
                0x08007380       0x26 .pio/build/disco_b_g431b_esc1/lib416/Wire/utility/twi.c.o
                0x08007380                HAL_I2C_SlaveRxCpltCallback
 .text.HAL_I2C_SlaveTxCpltCallback
                0x080073a6        0x8 .pio/build/disco_b_g431b_esc1/lib416/Wire/utility/twi.c.o
                0x080073a6                HAL_I2C_SlaveTxCpltCallback
 .text.HAL_I2C_ErrorCallback
                0x080073ae        0xc .pio/build/disco_b_g431b_esc1/lib416/Wire/utility/twi.c.o
                0x080073ae                HAL_I2C_ErrorCallback
 *fill*         0x080073ba        0x2 
 .text.I2C1_EV_IRQHandler
                0x080073bc        0xc .pio/build/disco_b_g431b_esc1/lib416/Wire/utility/twi.c.o
                0x080073bc                I2C1_EV_IRQHandler
 .text.I2C1_ER_IRQHandler
                0x080073c8        0xc .pio/build/disco_b_g431b_esc1/lib416/Wire/utility/twi.c.o
                0x080073c8                I2C1_ER_IRQHandler
 .text.I2C2_EV_IRQHandler
                0x080073d4        0xc .pio/build/disco_b_g431b_esc1/lib416/Wire/utility/twi.c.o
                0x080073d4                I2C2_EV_IRQHandler
 .text.I2C2_ER_IRQHandler
                0x080073e0        0xc .pio/build/disco_b_g431b_esc1/lib416/Wire/utility/twi.c.o
                0x080073e0                I2C2_ER_IRQHandler
 .text.I2C3_EV_IRQHandler
                0x080073ec        0xc .pio/build/disco_b_g431b_esc1/lib416/Wire/utility/twi.c.o
                0x080073ec                I2C3_EV_IRQHandler
 .text.I2C3_ER_IRQHandler
                0x080073f8        0xc .pio/build/disco_b_g431b_esc1/lib416/Wire/utility/twi.c.o
                0x080073f8                I2C3_ER_IRQHandler
 .text._ZN8SPIClassC2Ev
                0x08007404       0x1c .pio/build/disco_b_g431b_esc1/lib825/SPI/SPI.cpp.o
                0x08007404                SPIClass::SPIClass()
                0x08007404                SPIClass::SPIClass()
 .text.startup._GLOBAL__sub_I_SPI
                0x08007420        0xc .pio/build/disco_b_g431b_esc1/lib825/SPI/SPI.cpp.o
 .text._ZN9BLDCMotor10linkDriverEP10BLDCDriver
                0x0800742c        0x6 .pio/build/disco_b_g431b_esc1/lib0bb/Simple FOC/BLDCMotor.cpp.o
                0x0800742c                BLDCMotor::linkDriver(BLDCDriver*)
 *fill*         0x08007432        0x2 
 .text._ZN9BLDCMotor7disableEv
                0x08007434       0x30 .pio/build/disco_b_g431b_esc1/lib0bb/Simple FOC/BLDCMotor.cpp.o
                0x08007434                BLDCMotor::disable()
 .text._ZN9BLDCMotor6enableEv
                0x08007464       0x30 .pio/build/disco_b_g431b_esc1/lib0bb/Simple FOC/BLDCMotor.cpp.o
                0x08007464                BLDCMotor::enable()
 .text._ZN9BLDCMotor15setPhaseVoltageEfff
                0x08007494      0x318 .pio/build/disco_b_g431b_esc1/lib0bb/Simple FOC/BLDCMotor.cpp.o
                0x08007494                BLDCMotor::setPhaseVoltage(float, float, float)
 .text._ZN9BLDCMotor4initEv
                0x080077ac       0xdc .pio/build/disco_b_g431b_esc1/lib0bb/Simple FOC/BLDCMotor.cpp.o
                0x080077ac                BLDCMotor::init()
 .text._ZN9BLDCMotor7loopFOCEv
                0x08007888      0x15c .pio/build/disco_b_g431b_esc1/lib0bb/Simple FOC/BLDCMotor.cpp.o
                0x08007888                BLDCMotor::loopFOC()
 .text._ZN9BLDCMotorC2Eifff
                0x080079e4       0x60 .pio/build/disco_b_g431b_esc1/lib0bb/Simple FOC/BLDCMotor.cpp.o
                0x080079e4                BLDCMotor::BLDCMotor(int, float, float, float)
                0x080079e4                BLDCMotor::BLDCMotor(int, float, float, float)
 .text._ZN9BLDCMotor17alignCurrentSenseEv
                0x08007a44       0x44 .pio/build/disco_b_g431b_esc1/lib0bb/Simple FOC/BLDCMotor.cpp.o
                0x08007a44                BLDCMotor::alignCurrentSense()
 .text._ZN9BLDCMotor16velocityOpenloopEf
                0x08007a88       0xf4 .pio/build/disco_b_g431b_esc1/lib0bb/Simple FOC/BLDCMotor.cpp.o
                0x08007a88                BLDCMotor::velocityOpenloop(float)
 .text._ZN9BLDCMotor13angleOpenloopEf
                0x08007b7c      0x144 .pio/build/disco_b_g431b_esc1/lib0bb/Simple FOC/BLDCMotor.cpp.o
                0x08007b7c                BLDCMotor::angleOpenloop(float)
 .text._ZN9BLDCMotor18absoluteZeroSearchEv
                0x08007cc0       0xb8 .pio/build/disco_b_g431b_esc1/lib0bb/Simple FOC/BLDCMotor.cpp.o
                0x08007cc0                BLDCMotor::absoluteZeroSearch()
 .text._ZN9BLDCMotor11alignSensorEv
                0x08007d78      0x248 .pio/build/disco_b_g431b_esc1/lib0bb/Simple FOC/BLDCMotor.cpp.o
                0x08007d78                BLDCMotor::alignSensor()
 .text._ZN9BLDCMotor7initFOCEv
                0x08007fc0       0xb4 .pio/build/disco_b_g431b_esc1/lib0bb/Simple FOC/BLDCMotor.cpp.o
                0x08007fc0                BLDCMotor::initFOC()
 .text._ZN9BLDCMotor4moveEf
                0x08008074      0x28c .pio/build/disco_b_g431b_esc1/lib0bb/Simple FOC/BLDCMotor.cpp.o
                0x08008074                BLDCMotor::move(float)
 .text._ZN12CurrentSense12getDCCurrentEf
                0x08008300       0xdc .pio/build/disco_b_g431b_esc1/lib0bb/Simple FOC/common/base_classes/CurrentSense.cpp.o
                0x08008300                CurrentSense::getDCCurrent(float)
 .text._ZN12CurrentSense14getFOCCurrentsEf
                0x080083dc       0xac .pio/build/disco_b_g431b_esc1/lib0bb/Simple FOC/common/base_classes/CurrentSense.cpp.o
                0x080083dc                CurrentSense::getFOCCurrents(float)
 .text._ZN12CurrentSense10linkDriverEP10BLDCDriver
                0x08008488        0x4 .pio/build/disco_b_g431b_esc1/lib0bb/Simple FOC/common/base_classes/CurrentSense.cpp.o
                0x08008488                CurrentSense::linkDriver(BLDCDriver*)
 .text._ZN8FOCMotorC2Ev
                0x0800848c      0x164 .pio/build/disco_b_g431b_esc1/lib0bb/Simple FOC/common/base_classes/FOCMotor.cpp.o
                0x0800848c                FOCMotor::FOCMotor()
                0x0800848c                FOCMotor::FOCMotor()
 .text._ZN8FOCMotor10linkSensorEP6Sensor
                0x080085f0        0x6 .pio/build/disco_b_g431b_esc1/lib0bb/Simple FOC/common/base_classes/FOCMotor.cpp.o
                0x080085f0                FOCMotor::linkSensor(Sensor*)
 .text._ZN8FOCMotor16linkCurrentSenseEP12CurrentSense
                0x080085f6        0x6 .pio/build/disco_b_g431b_esc1/lib0bb/Simple FOC/common/base_classes/FOCMotor.cpp.o
                0x080085f6                FOCMotor::linkCurrentSense(CurrentSense*)
 .text._ZN8FOCMotor10shaftAngleEv
                0x080085fc       0x40 .pio/build/disco_b_g431b_esc1/lib0bb/Simple FOC/common/base_classes/FOCMotor.cpp.o
                0x080085fc                FOCMotor::shaftAngle()
 .text._ZN8FOCMotor13shaftVelocityEv
                0x0800863c       0x38 .pio/build/disco_b_g431b_esc1/lib0bb/Simple FOC/common/base_classes/FOCMotor.cpp.o
                0x0800863c                FOCMotor::shaftVelocity()
 .text._ZN8FOCMotor15electricalAngleEv
                0x08008674       0x46 .pio/build/disco_b_g431b_esc1/lib0bb/Simple FOC/common/base_classes/FOCMotor.cpp.o
                0x08008674                FOCMotor::electricalAngle()
 *fill*         0x080086ba        0x2 
 .text._ZN8FOCMotor13useMonitoringER5Print
                0x080086bc       0x1c .pio/build/disco_b_g431b_esc1/lib0bb/Simple FOC/common/base_classes/FOCMotor.cpp.o
                0x080086bc                FOCMotor::useMonitoring(Print&)
 .text._ZN8FOCMotor7monitorEv
                0x080086d8      0x22c .pio/build/disco_b_g431b_esc1/lib0bb/Simple FOC/common/base_classes/FOCMotor.cpp.o
                0x080086d8                FOCMotor::monitor()
 .text._ZN6Sensor18getMechanicalAngleEv
                0x08008904        0x6 .pio/build/disco_b_g431b_esc1/lib0bb/Simple FOC/common/base_classes/Sensor.cpp.o
                0x08008904                Sensor::getMechanicalAngle()
 *fill*         0x0800890a        0x2 
 .text._ZN6Sensor8getAngleEv
                0x0800890c       0x1c .pio/build/disco_b_g431b_esc1/lib0bb/Simple FOC/common/base_classes/Sensor.cpp.o
                0x0800890c                Sensor::getAngle()
 .text._ZN6Sensor15getPreciseAngleEv
                0x08008928       0x38 .pio/build/disco_b_g431b_esc1/lib0bb/Simple FOC/common/base_classes/Sensor.cpp.o
                0x08008928                Sensor::getPreciseAngle()
 .text._ZN6Sensor16getFullRotationsEv
                0x08008960        0x4 .pio/build/disco_b_g431b_esc1/lib0bb/Simple FOC/common/base_classes/Sensor.cpp.o
                0x08008960                Sensor::getFullRotations()
 .text._ZN6Sensor11needsSearchEv
                0x08008964        0x4 .pio/build/disco_b_g431b_esc1/lib0bb/Simple FOC/common/base_classes/Sensor.cpp.o
                0x08008964                Sensor::needsSearch()
 .text._Z4_sinf
                0x08008968       0x8c .pio/build/disco_b_g431b_esc1/lib0bb/Simple FOC/common/foc_utils.cpp.o
                0x08008968                _sin(float)
 .text._Z4_cosf
                0x080089f4       0x2c .pio/build/disco_b_g431b_esc1/lib0bb/Simple FOC/common/foc_utils.cpp.o
                0x080089f4                _cos(float)
 .text._Z7_sincosfPfS_
                0x08008a20       0x28 .pio/build/disco_b_g431b_esc1/lib0bb/Simple FOC/common/foc_utils.cpp.o
                0x08008a20                _sincos(float, float*, float*)
 .text._Z15_normalizeAnglef
                0x08008a48       0x2c .pio/build/disco_b_g431b_esc1/lib0bb/Simple FOC/common/foc_utils.cpp.o
                0x08008a48                _normalizeAngle(float)
 .text._Z16_electricalAnglefi
                0x08008a74        0xe .pio/build/disco_b_g431b_esc1/lib0bb/Simple FOC/common/foc_utils.cpp.o
                0x08008a74                _electricalAngle(float, int)
 *fill*         0x08008a82        0x2 
 .text._Z11_sqrtApproxf
                0x08008a84       0x1c .pio/build/disco_b_g431b_esc1/lib0bb/Simple FOC/common/foc_utils.cpp.o
                0x08008a84                _sqrtApprox(float)
 .text._ZN13LowPassFilterC2Ef
                0x08008aa0       0x16 .pio/build/disco_b_g431b_esc1/lib0bb/Simple FOC/common/lowpass_filter.cpp.o
                0x08008aa0                LowPassFilter::LowPassFilter(float)
                0x08008aa0                LowPassFilter::LowPassFilter(float)
 *fill*         0x08008ab6        0x2 
 .text._ZN13LowPassFilterclEf
                0x08008ab8       0x6c .pio/build/disco_b_g431b_esc1/lib0bb/Simple FOC/common/lowpass_filter.cpp.o
                0x08008ab8                LowPassFilter::operator()(float)
 .text._ZN13PIDControllerC2Efffff
                0x08008b24       0x2a .pio/build/disco_b_g431b_esc1/lib0bb/Simple FOC/common/pid.cpp.o
                0x08008b24                PIDController::PIDController(float, float, float, float, float)
                0x08008b24                PIDController::PIDController(float, float, float, float, float)
 *fill*         0x08008b4e        0x2 
 .text._ZN13PIDControllerclEf
                0x08008b50      0x124 .pio/build/disco_b_g431b_esc1/lib0bb/Simple FOC/common/pid.cpp.o
                0x08008b50                PIDController::operator()(float)
 .text._Z6_delaym
                0x08008c74        0x4 .pio/build/disco_b_g431b_esc1/lib0bb/Simple FOC/common/time_utils.cpp.o
                0x08008c74                _delay(unsigned long)
 .text._Z7_microsv
                0x08008c78        0x4 .pio/build/disco_b_g431b_esc1/lib0bb/Simple FOC/common/time_utils.cpp.o
                0x08008c78                _micros()
 .text._ZN9CommanderC2ER6Streamcb
                0x08008c7c       0x34 .pio/build/disco_b_g431b_esc1/lib0bb/Simple FOC/communication/Commander.cpp.o
                0x08008c7c                Commander::Commander(Stream&, char, bool)
                0x08008c7c                Commander::Commander(Stream&, char, bool)
 .text._ZN9Commander3addEcPFvPcEPKc
                0x08008cb0       0x1c .pio/build/disco_b_g431b_esc1/lib0bb/Simple FOC/communication/Commander.cpp.o
                0x08008cb0                Commander::add(char, void (*)(char*), char const*)
 .text._ZN9Commander5printEPKc
                0x08008ccc       0x10 .pio/build/disco_b_g431b_esc1/lib0bb/Simple FOC/communication/Commander.cpp.o
                0x08008ccc                Commander::print(char const*)
 .text._ZN9Commander5printEPK19__FlashStringHelper
                0x08008cdc       0x10 .pio/build/disco_b_g431b_esc1/lib0bb/Simple FOC/communication/Commander.cpp.o
                0x08008cdc                Commander::print(__FlashStringHelper const*)
 .text._ZN9Commander5printEc
                0x08008cec       0x10 .pio/build/disco_b_g431b_esc1/lib0bb/Simple FOC/communication/Commander.cpp.o
                0x08008cec                Commander::print(char)
 .text._ZN9Commander7printlnEi
                0x08008cfc       0x12 .pio/build/disco_b_g431b_esc1/lib0bb/Simple FOC/communication/Commander.cpp.o
                0x08008cfc                Commander::println(int)
 .text._ZN9Commander7printlnEf
                0x08008d0e       0x12 .pio/build/disco_b_g431b_esc1/lib0bb/Simple FOC/communication/Commander.cpp.o
                0x08008d0e                Commander::println(float)
 .text._ZN9Commander7printlnEPKc
                0x08008d20       0x10 .pio/build/disco_b_g431b_esc1/lib0bb/Simple FOC/communication/Commander.cpp.o
                0x08008d20                Commander::println(char const*)
 .text._ZN9Commander7printlnEPK19__FlashStringHelper
                0x08008d30       0x10 .pio/build/disco_b_g431b_esc1/lib0bb/Simple FOC/communication/Commander.cpp.o
                0x08008d30                Commander::println(__FlashStringHelper const*)
 .text._ZN9Commander12printVerboseEPK19__FlashStringHelper
                0x08008d40        0xc .pio/build/disco_b_g431b_esc1/lib0bb/Simple FOC/communication/Commander.cpp.o
                0x08008d40                Commander::printVerbose(__FlashStringHelper const*)
 .text._ZN9Commander10isSentinelEc
                0x08008d4c       0x20 .pio/build/disco_b_g431b_esc1/lib0bb/Simple FOC/communication/Commander.cpp.o
                0x08008d4c                Commander::isSentinel(char)
 .text._ZN9Commander20printMachineReadableEc
                0x08008d6c        0xc .pio/build/disco_b_g431b_esc1/lib0bb/Simple FOC/communication/Commander.cpp.o
                0x08008d6c                Commander::printMachineReadable(char)
 .text._ZN9Commander22printlnMachineReadableEf
                0x08008d78        0xc .pio/build/disco_b_g431b_esc1/lib0bb/Simple FOC/communication/Commander.cpp.o
                0x08008d78                Commander::printlnMachineReadable(float)
 .text._ZN9Commander6targetEP8FOCMotorPcS2_
                0x08008d84      0x164 .pio/build/disco_b_g431b_esc1/lib0bb/Simple FOC/communication/Commander.cpp.o
                0x08008d84                Commander::target(FOCMotor*, char*, char*)
 .text._ZN9Commander6motionEP8FOCMotorPcS2_
                0x08008ee8      0x1c0 .pio/build/disco_b_g431b_esc1/lib0bb/Simple FOC/communication/Commander.cpp.o
                0x08008ee8                Commander::motion(FOCMotor*, char*, char*)
 .text._ZN9Commander22printlnMachineReadableEPK19__FlashStringHelper
                0x080090a8        0xc .pio/build/disco_b_g431b_esc1/lib0bb/Simple FOC/communication/Commander.cpp.o
                0x080090a8                Commander::printlnMachineReadable(__FlashStringHelper const*)
 .text._ZN9Commander3runEPc
                0x080090b4      0x124 .pio/build/disco_b_g431b_esc1/lib0bb/Simple FOC/communication/Commander.cpp.o
                0x080090b4                Commander::run(char*)
 .text._ZN9Commander3runER6Streamc
                0x080091d8       0x82 .pio/build/disco_b_g431b_esc1/lib0bb/Simple FOC/communication/Commander.cpp.o
                0x080091d8                Commander::run(Stream&, char)
 .text._ZN9Commander3runEv
                0x0800925a        0xc .pio/build/disco_b_g431b_esc1/lib0bb/Simple FOC/communication/Commander.cpp.o
                0x0800925a                Commander::run()
 *fill*         0x08009266        0x2 
 .text._ZN14SimpleFOCDebug6enableEP5Print
                0x08009268        0xc .pio/build/disco_b_g431b_esc1/lib0bb/Simple FOC/communication/SimpleFOCDebug.cpp.o
                0x08009268                SimpleFOCDebug::enable(Print*)
 .text._ZN14SimpleFOCDebug7printlnEPK19__FlashStringHelper
                0x08009274       0x14 .pio/build/disco_b_g431b_esc1/lib0bb/Simple FOC/communication/SimpleFOCDebug.cpp.o
                0x08009274                SimpleFOCDebug::println(__FlashStringHelper const*)
 .text._ZN14SimpleFOCDebug7printlnEPK19__FlashStringHelperf
                0x08009288       0x34 .pio/build/disco_b_g431b_esc1/lib0bb/Simple FOC/communication/SimpleFOCDebug.cpp.o
                0x08009288                SimpleFOCDebug::println(__FlashStringHelper const*, float)
 .text._ZN14SimpleFOCDebug7printlnEPK19__FlashStringHelperi
                0x080092bc       0x28 .pio/build/disco_b_g431b_esc1/lib0bb/Simple FOC/communication/SimpleFOCDebug.cpp.o
                0x080092bc                SimpleFOCDebug::println(__FlashStringHelper const*, int)
 .text._ZN19LowsideCurrentSense16getPhaseCurrentsEv
                0x080092e4       0xbc .pio/build/disco_b_g431b_esc1/lib0bb/Simple FOC/current_sense/LowsideCurrentSense.cpp.o
                0x080092e4                LowsideCurrentSense::getPhaseCurrents()
 .text._ZN19LowsideCurrentSense11driverAlignEf
                0x080093a0      0x7b8 .pio/build/disco_b_g431b_esc1/lib0bb/Simple FOC/current_sense/LowsideCurrentSense.cpp.o
                0x080093a0                LowsideCurrentSense::driverAlign(float)
 .text._ZN19LowsideCurrentSenseC2Effiii
                0x08009b58       0x40 .pio/build/disco_b_g431b_esc1/lib0bb/Simple FOC/current_sense/LowsideCurrentSense.cpp.o
                0x08009b58                LowsideCurrentSense::LowsideCurrentSense(float, float, int, int, int)
                0x08009b58                LowsideCurrentSense::LowsideCurrentSense(float, float, int, int, int)
 .text._ZN19LowsideCurrentSense16calibrateOffsetsEv
                0x08009b98      0x110 .pio/build/disco_b_g431b_esc1/lib0bb/Simple FOC/current_sense/LowsideCurrentSense.cpp.o
                0x08009b98                LowsideCurrentSense::calibrateOffsets()
 .text._ZN19LowsideCurrentSense4initEv
                0x08009ca8       0x48 .pio/build/disco_b_g431b_esc1/lib0bb/Simple FOC/current_sense/LowsideCurrentSense.cpp.o
                0x08009ca8                LowsideCurrentSense::init()
 .text._Z22_readADCVoltageLowSideiPKv
                0x08009cf0        0x8 .pio/build/disco_b_g431b_esc1/lib0bb/Simple FOC/current_sense/hardware_specific/generic_mcu.cpp.o
                0x08009cf0                _readADCVoltageLowSide(int, void const*)
 .text._Z30_startADC3PinConversionLowSidev
                0x08009cf8        0x2 .pio/build/disco_b_g431b_esc1/lib0bb/Simple FOC/current_sense/hardware_specific/generic_mcu.cpp.o
                0x08009cf8                _startADC3PinConversionLowSide()
 *fill*         0x08009cfa        0x2 
 .text._Z12MX_GPIO_Initv
                0x08009cfc       0x68 .pio/build/disco_b_g431b_esc1/lib0bb/Simple FOC/current_sense/hardware_specific/stm32/b_g431/b_g431_hal.cpp.o
                0x08009cfc                MX_GPIO_Init()
 .text._Z11MX_DMA_Initv
                0x08009d64       0x78 .pio/build/disco_b_g431b_esc1/lib0bb/Simple FOC/current_sense/hardware_specific/stm32/b_g431/b_g431_hal.cpp.o
                0x08009d64                MX_DMA_Init()
 .text._Z12MX_ADC1_InitP17ADC_HandleTypeDef
                0x08009ddc      0x148 .pio/build/disco_b_g431b_esc1/lib0bb/Simple FOC/current_sense/hardware_specific/stm32/b_g431/b_g431_hal.cpp.o
                0x08009ddc                MX_ADC1_Init(ADC_HandleTypeDef*)
 .text._Z12MX_ADC2_InitP17ADC_HandleTypeDef
                0x08009f24       0x8c .pio/build/disco_b_g431b_esc1/lib0bb/Simple FOC/current_sense/hardware_specific/stm32/b_g431/b_g431_hal.cpp.o
                0x08009f24                MX_ADC2_Init(ADC_HandleTypeDef*)
 .text.HAL_OPAMP_MspInit
                0x08009fb0       0x9c .pio/build/disco_b_g431b_esc1/lib0bb/Simple FOC/current_sense/hardware_specific/stm32/b_g431/b_g431_hal.cpp.o
                0x08009fb0                HAL_OPAMP_MspInit
 .text._Z21_readADCVoltageInlineiPKv
                0x0800a04c       0x5c .pio/build/disco_b_g431b_esc1/lib0bb/Simple FOC/current_sense/hardware_specific/stm32/b_g431/b_g431_mcu.cpp.o
                0x0800a04c                _readADCVoltageInline(int, void const*)
 .text._Z15_configureOPAMPP19OPAMP_HandleTypeDefP13OPAMP_TypeDef
                0x0800a0a8       0x38 .pio/build/disco_b_g431b_esc1/lib0bb/Simple FOC/current_sense/hardware_specific/stm32/b_g431/b_g431_mcu.cpp.o
                0x0800a0a8                _configureOPAMP(OPAMP_HandleTypeDef*, OPAMP_TypeDef*)
 .text._Z16_configureOPAMPsP19OPAMP_HandleTypeDefS0_S0_
                0x0800a0e0       0x2c .pio/build/disco_b_g431b_esc1/lib0bb/Simple FOC/current_sense/hardware_specific/stm32/b_g431/b_g431_mcu.cpp.o
                0x0800a0e0                _configureOPAMPs(OPAMP_HandleTypeDef*, OPAMP_HandleTypeDef*, OPAMP_HandleTypeDef*)
 .text._Z12MX_DMA1_InitP17ADC_HandleTypeDefP19__DMA_HandleTypeDefP19DMA_Channel_TypeDefm
                0x0800a10c       0x44 .pio/build/disco_b_g431b_esc1/lib0bb/Simple FOC/current_sense/hardware_specific/stm32/b_g431/b_g431_mcu.cpp.o
                0x0800a10c                MX_DMA1_Init(ADC_HandleTypeDef*, __DMA_HandleTypeDef*, DMA_Channel_TypeDef*, unsigned long)
 .text._Z20_configureADCLowSidePKviii
                0x0800a150       0xf0 .pio/build/disco_b_g431b_esc1/lib0bb/Simple FOC/current_sense/hardware_specific/stm32/b_g431/b_g431_mcu.cpp.o
                0x0800a150                _configureADCLowSide(void const*, int, int, int)
 .text.DMA1_Channel1_IRQHandler
                0x0800a240        0xc .pio/build/disco_b_g431b_esc1/lib0bb/Simple FOC/current_sense/hardware_specific/stm32/b_g431/b_g431_mcu.cpp.o
                0x0800a240                DMA1_Channel1_IRQHandler
 .text.DMA1_Channel2_IRQHandler
                0x0800a24c        0xc .pio/build/disco_b_g431b_esc1/lib0bb/Simple FOC/current_sense/hardware_specific/stm32/b_g431/b_g431_mcu.cpp.o
                0x0800a24c                DMA1_Channel2_IRQHandler
 .text._Z18_driverSyncLowSidePvS_
                0x0800a258       0xb0 .pio/build/disco_b_g431b_esc1/lib0bb/Simple FOC/current_sense/hardware_specific/stm32/b_g431/b_g431_mcu.cpp.o
                0x0800a258                _driverSyncLowSide(void*, void*)
 .text._ZN14BLDCDriver6PWM13setPhaseStateE10PhaseStateS0_S0_
                0x0800a308        0xe .pio/build/disco_b_g431b_esc1/lib0bb/Simple FOC/drivers/BLDCDriver6PWM.cpp.o
                0x0800a308                BLDCDriver6PWM::setPhaseState(PhaseState, PhaseState, PhaseState)
 *fill*         0x0800a316        0x2 
 .text._ZN14BLDCDriver6PWM6enableEv
                0x0800a318       0x54 .pio/build/disco_b_g431b_esc1/lib0bb/Simple FOC/drivers/BLDCDriver6PWM.cpp.o
                0x0800a318                BLDCDriver6PWM::enable()
 .text._ZN14BLDCDriver6PWM7disableEv
                0x0800a36c       0x58 .pio/build/disco_b_g431b_esc1/lib0bb/Simple FOC/drivers/BLDCDriver6PWM.cpp.o
                0x0800a36c                BLDCDriver6PWM::disable()
 .text._ZN14BLDCDriver6PWM4initEv
                0x0800a3c4       0xbc .pio/build/disco_b_g431b_esc1/lib0bb/Simple FOC/drivers/BLDCDriver6PWM.cpp.o
                0x0800a3c4                BLDCDriver6PWM::init()
 .text._ZN14BLDCDriver6PWM6setPwmEfff
                0x0800a480       0xf4 .pio/build/disco_b_g431b_esc1/lib0bb/Simple FOC/drivers/BLDCDriver6PWM.cpp.o
                0x0800a480                BLDCDriver6PWM::setPwm(float, float, float)
 .text._ZN14BLDCDriver6PWMC2Eiiiiiii
                0x0800a574       0x50 .pio/build/disco_b_g431b_esc1/lib0bb/Simple FOC/drivers/BLDCDriver6PWM.cpp.o
                0x0800a574                BLDCDriver6PWM::BLDCDriver6PWM(int, int, int, int, int, int, int)
                0x0800a574                BLDCDriver6PWM::BLDCDriver6PWM(int, int, int, int, int, int, int)
 .text._Z12getLLChannelP6PinMap
                0x0800a5c4       0x30 .pio/build/disco_b_g431b_esc1/lib0bb/Simple FOC/drivers/hardware_specific/stm32/stm32_mcu.cpp.o
                0x0800a5c4                getLLChannel(PinMap*)
 .text._Z11_initPinPWMmP6PinMap
                0x0800a5f4       0x88 .pio/build/disco_b_g431b_esc1/lib0bb/Simple FOC/drivers/hardware_specific/stm32/stm32_mcu.cpp.o
                0x0800a5f4                _initPinPWM(unsigned long, PinMap*)
 .text._Z14_initPinPWMLowmP6PinMap
                0x0800a67c       0x84 .pio/build/disco_b_g431b_esc1/lib0bb/Simple FOC/drivers/hardware_specific/stm32/stm32_mcu.cpp.o
                0x0800a67c                _initPinPWMLow(unsigned long, PinMap*)
 .text._Z11_stopTimersPP13HardwareTimeri
                0x0800a700       0x24 .pio/build/disco_b_g431b_esc1/lib0bb/Simple FOC/drivers/hardware_specific/stm32/stm32_mcu.cpp.o
                0x0800a700                _stopTimers(HardwareTimer**, int)
 .text._Z12_startTimersPP13HardwareTimeri
                0x0800a724       0x1e .pio/build/disco_b_g431b_esc1/lib0bb/Simple FOC/drivers/hardware_specific/stm32/stm32_mcu.cpp.o
                0x0800a724                _startTimers(HardwareTimer**, int)
 *fill*         0x0800a742        0x2 
 .text._Z15_alignTimersNewv
                0x0800a744       0x9c .pio/build/disco_b_g431b_esc1/lib0bb/Simple FOC/drivers/hardware_specific/stm32/stm32_mcu.cpp.o
                0x0800a744                _alignTimersNew()
 .text._Z21_initHardware6PWMPairlfP6PinMapS0_P17STM32DriverParamsi
                0x0800a7e0      0x430 .pio/build/disco_b_g431b_esc1/lib0bb/Simple FOC/drivers/hardware_specific/stm32/stm32_mcu.cpp.o
                0x0800a7e0                _initHardware6PWMPair(long, float, PinMap*, PinMap*, STM32DriverParams*, int)
 .text._Z26_initHardware6PWMInterfacelfP6PinMapS0_S0_S0_S0_S0_
                0x0800ac10       0x9c .pio/build/disco_b_g431b_esc1/lib0bb/Simple FOC/drivers/hardware_specific/stm32/stm32_mcu.cpp.o
                0x0800ac10                _initHardware6PWMInterface(long, float, PinMap*, PinMap*, PinMap*, PinMap*, PinMap*, PinMap*)
 .text._Z16scoreCombinationiPP6PinMap
                0x0800acac      0x1e0 .pio/build/disco_b_g431b_esc1/lib0bb/Simple FOC/drivers/hardware_specific/stm32/stm32_mcu.cpp.o
                0x0800acac                scoreCombination(int, PinMap**)
 .text._Z27findIndexOfFirstPinMapEntryi
                0x0800ae8c       0x68 .pio/build/disco_b_g431b_esc1/lib0bb/Simple FOC/drivers/hardware_specific/stm32/stm32_mcu.cpp.o
                0x0800ae8c                findIndexOfFirstPinMapEntry(int)
 .text._Z26findIndexOfLastPinMapEntryi
                0x0800aef4       0x74 .pio/build/disco_b_g431b_esc1/lib0bb/Simple FOC/drivers/hardware_specific/stm32/stm32_mcu.cpp.o
                0x0800aef4                findIndexOfLastPinMapEntry(int)
 .text._Z24findBestTimerCombinationiiPiPP6PinMap
                0x0800af68       0xd0 .pio/build/disco_b_g431b_esc1/lib0bb/Simple FOC/drivers/hardware_specific/stm32/stm32_mcu.cpp.o
                0x0800af68                findBestTimerCombination(int, int, int*, PinMap**)
 .text._Z24findBestTimerCombinationiPiPP6PinMap
                0x0800b038       0x18 .pio/build/disco_b_g431b_esc1/lib0bb/Simple FOC/drivers/hardware_specific/stm32/stm32_mcu.cpp.o
                0x0800b038                findBestTimerCombination(int, int*, PinMap**)
 .text._Z14_configure6PWMlfiiiiii
                0x0800b050      0x194 .pio/build/disco_b_g431b_esc1/lib0bb/Simple FOC/drivers/hardware_specific/stm32/stm32_mcu.cpp.o
                0x0800b050                _configure6PWM(long, float, int, int, int, int, int, int)
 .text._Z20_setSinglePhaseState10PhaseStateP13HardwareTimerii
                0x0800b1e4       0x10 .pio/build/disco_b_g431b_esc1/lib0bb/Simple FOC/drivers/hardware_specific/stm32/stm32_mcu.cpp.o
                0x0800b1e4                _setSinglePhaseState(PhaseState, HardwareTimer*, int, int)
 .text._Z19_writeDutyCycle6PWMfffP10PhaseStatePv
                0x0800b1f4      0x2b4 .pio/build/disco_b_g431b_esc1/lib0bb/Simple FOC/drivers/hardware_specific/stm32/stm32_mcu.cpp.o
                0x0800b1f4                _writeDutyCycle6PWM(float, float, float, PhaseState*, void*)
 .text._ZNSt8functionIFvvEEC2IRPS0_vEEOT_
                0x0800b4a8       0x24 .pio/build/disco_b_g431b_esc1/lib0bb/Simple FOC/sensors/Encoder.cpp.o
                0x0800b4a8                std::function<void ()>::function<void (*&)(), void>(void (*&)())
                0x0800b4a8                std::function<void ()>::function<void (*&)(), void>(void (*&)())
 .text._ZN10HallSensor6updateEv
                0x0800b4cc       0x48 .pio/build/disco_b_g431b_esc1/lib0bb/Simple FOC/sensors/HallSensor.cpp.o
                0x0800b4cc                HallSensor::update()
 .text._ZN10HallSensor14getSensorAngleEv
                0x0800b514       0x30 .pio/build/disco_b_g431b_esc1/lib0bb/Simple FOC/sensors/HallSensor.cpp.o
                0x0800b514                HallSensor::getSensorAngle()
 .text._ZN10HallSensor11getVelocityEv
                0x0800b544       0x64 .pio/build/disco_b_g431b_esc1/lib0bb/Simple FOC/sensors/HallSensor.cpp.o
                0x0800b544                HallSensor::getVelocity()
 .text._ZN10HallSensorC2Eiiii
                0x0800b5a8       0x44 .pio/build/disco_b_g431b_esc1/lib0bb/Simple FOC/sensors/HallSensor.cpp.o
                0x0800b5a8                HallSensor::HallSensor(int, int, int, int)
                0x0800b5a8                HallSensor::HallSensor(int, int, int, int)
 .text._ZN10HallSensor11updateStateEv
                0x0800b5ec       0xb0 .pio/build/disco_b_g431b_esc1/lib0bb/Simple FOC/sensors/HallSensor.cpp.o
                0x0800b5ec                HallSensor::updateState()
 .text._ZN10HallSensor7handleAEv
                0x0800b69c       0x16 .pio/build/disco_b_g431b_esc1/lib0bb/Simple FOC/sensors/HallSensor.cpp.o
                0x0800b69c                HallSensor::handleA()
 .text._ZN10HallSensor7handleBEv
                0x0800b6b2       0x16 .pio/build/disco_b_g431b_esc1/lib0bb/Simple FOC/sensors/HallSensor.cpp.o
                0x0800b6b2                HallSensor::handleB()
 .text._ZN10HallSensor7handleCEv
                0x0800b6c8       0x16 .pio/build/disco_b_g431b_esc1/lib0bb/Simple FOC/sensors/HallSensor.cpp.o
                0x0800b6c8                HallSensor::handleC()
 .text._ZN10HallSensor4initEv
                0x0800b6de       0x5e .pio/build/disco_b_g431b_esc1/lib0bb/Simple FOC/sensors/HallSensor.cpp.o
                0x0800b6de                HallSensor::init()
 .text._ZN10HallSensor16enableInterruptsEPFvvES1_S1_
                0x0800b73c      0x130 .pio/build/disco_b_g431b_esc1/lib0bb/Simple FOC/sensors/HallSensor.cpp.o
                0x0800b73c                HallSensor::enableInterrupts(void (*)(), void (*)(), void (*)())
 .text.startup._GLOBAL__sub_I_AS5147_SPI
                0x0800b86c       0x30 .pio/build/disco_b_g431b_esc1/lib0bb/Simple FOC/sensors/MagneticSensorSPI.cpp.o
 .text._Z3doAv  0x0800b89c        0xc .pio/build/disco_b_g431b_esc1/src/main.cpp.o
                0x0800b89c                doA()
 .text._Z3doBv  0x0800b8a8        0xc .pio/build/disco_b_g431b_esc1/src/main.cpp.o
                0x0800b8a8                doB()
 .text._Z3doCv  0x0800b8b4        0xc .pio/build/disco_b_g431b_esc1/src/main.cpp.o
                0x0800b8b4                doC()
 .text._Z8doTargetPc
                0x0800b8c0       0x18 .pio/build/disco_b_g431b_esc1/src/main.cpp.o
                0x0800b8c0                doTarget(char*)
 .text.startup._GLOBAL__sub_I_motor
                0x0800b8d8       0x9c .pio/build/disco_b_g431b_esc1/src/main.cpp.o
 .text.setup    0x0800b974      0x114 .pio/build/disco_b_g431b_esc1/src/main.cpp.o
                0x0800b974                setup
 .text.loop     0x0800ba88       0x54 .pio/build/disco_b_g431b_esc1/src/main.cpp.o
                0x0800ba88                loop
 .text._ZN5Print5flushEv
                0x0800badc        0x2 .pio/build/disco_b_g431b_esc1/libFrameworkArduino.a(HardwareSerial.cpp.o)
                0x0800badc                Print::flush()
 .text._ZN14HardwareSerial9availableEv
                0x0800bade       0x10 .pio/build/disco_b_g431b_esc1/libFrameworkArduino.a(HardwareSerial.cpp.o)
                0x0800bade                HardwareSerial::available()
 .text._ZN14HardwareSerial4peekEv